Archive member included because of file (symbol)

C:\Users\boomw\Documents\lpcxpresso-workspace-wiz550s2e\wiznet_s2e_wiz550s2e_board\Release\libwiznet_s2e_wiz550s2e_board.a(board.o)
                              ./src/S2E/S2E.o (Board_LED_Set)
C:\Users\boomw\Documents\lpcxpresso-workspace-wiz550s2e\wiznet_s2e_wiz550s2e_board\Release\libwiznet_s2e_wiz550s2e_board.a(board_sysinit.o)
                              ./src/sysinit.o (Board_SystemInit)
C:\Users\boomw\Documents\lpcxpresso-workspace-wiz550s2e\lpc_chip_11exx\Release\liblpc_chip_11exx.a(chip_11xx.o)
                              ./src/main.o (SystemCoreClockUpdate)
C:\Users\boomw\Documents\lpcxpresso-workspace-wiz550s2e\lpc_chip_11exx\Release\liblpc_chip_11exx.a(clock_11xx.o)
                              C:\Users\boomw\Documents\lpcxpresso-workspace-wiz550s2e\wiznet_s2e_wiz550s2e_board\Release\libwiznet_s2e_wiz550s2e_board.a(board_sysinit.o) (Chip_Clock_SetSystemPLLSource)
C:\Users\boomw\Documents\lpcxpresso-workspace-wiz550s2e\lpc_chip_11exx\Release\liblpc_chip_11exx.a(gpio_11xx_1.o)
                              C:\Users\boomw\Documents\lpcxpresso-workspace-wiz550s2e\wiznet_s2e_wiz550s2e_board\Release\libwiznet_s2e_wiz550s2e_board.a(board.o) (Chip_GPIO_Init)
C:\Users\boomw\Documents\lpcxpresso-workspace-wiz550s2e\lpc_chip_11exx\Release\liblpc_chip_11exx.a(iocon_11xx.o)
                              ./src/PlatformHandler/sspHandler.o (Chip_IOCON_PinMuxSet)
C:\Users\boomw\Documents\lpcxpresso-workspace-wiz550s2e\lpc_chip_11exx\Release\liblpc_chip_11exx.a(ring_buffer.o)
                              ./src/PlatformHandler/uartHandler.o (RingBuffer_Init)
C:\Users\boomw\Documents\lpcxpresso-workspace-wiz550s2e\lpc_chip_11exx\Release\liblpc_chip_11exx.a(ssp_11xx.o)
                              ./src/PlatformHandler/sspHandler.o (Chip_SSP_WriteFrames_Blocking)
C:\Users\boomw\Documents\lpcxpresso-workspace-wiz550s2e\lpc_chip_11exx\Release\liblpc_chip_11exx.a(sysctl_11xx.o)
                              C:\Users\boomw\Documents\lpcxpresso-workspace-wiz550s2e\wiznet_s2e_wiz550s2e_board\Release\libwiznet_s2e_wiz550s2e_board.a(board_sysinit.o) (Chip_SYSCTL_PowerDown)
C:\Users\boomw\Documents\lpcxpresso-workspace-wiz550s2e\lpc_chip_11exx\Release\liblpc_chip_11exx.a(timer_11xx.o)
                              ./src/modbus/mbtimer.o (Chip_TIMER_Init)
C:\Users\boomw\Documents\lpcxpresso-workspace-wiz550s2e\lpc_chip_11exx\Release\liblpc_chip_11exx.a(uart_11xx.o)
                              ./src/PlatformHandler/uartHandler.o (Chip_UART_Init)
c:/nxp/lpcxpresso_7.5.0_254/lpcxpresso/tools/bin/../lib/gcc/arm-none-eabi/4.8.4/../../../../arm-none-eabi/lib/armv6-m\libcr_nohost.a(_cr__main.o)
                              ./src/cr_startup_lpc11exx.o (__main)
c:/nxp/lpcxpresso_7.5.0_254/lpcxpresso/tools/bin/../lib/gcc/arm-none-eabi/4.8.4/../../../../arm-none-eabi/lib/armv6-m\libcr_c.a(memcpy.o)
                              ./src/S2E/S2E.o (memcpy)
c:/nxp/lpcxpresso_7.5.0_254/lpcxpresso/tools/bin/../lib/gcc/arm-none-eabi/4.8.4/../../../../arm-none-eabi/lib/armv6-m\libcr_c.a(memset.o)
                              ./src/netutil/netutil.o (memset)
c:/nxp/lpcxpresso_7.5.0_254/lpcxpresso/tools/bin/../lib/gcc/arm-none-eabi/4.8.4/../../../../arm-none-eabi/lib/armv6-m\libcr_c.a(alloc.o)
                              ./src/Internet/httpServer/httpServer.o (malloc)
c:/nxp/lpcxpresso_7.5.0_254/lpcxpresso/tools/bin/../lib/gcc/arm-none-eabi/4.8.4/../../../../arm-none-eabi/lib/armv6-m\libcr_c.a(ctype.o)
                              ./src/ATcmd/atcmd.o (isalpha)
c:/nxp/lpcxpresso_7.5.0_254/lpcxpresso/tools/bin/../lib/gcc/arm-none-eabi/4.8.4/../../../../arm-none-eabi/lib/armv6-m\libcr_c.a(fpprintf.o)
                              ./src/netutil/netutil.o (sprintf)
c:/nxp/lpcxpresso_7.5.0_254/lpcxpresso/tools/bin/../lib/gcc/arm-none-eabi/4.8.4/../../../../arm-none-eabi/lib/armv6-m\libcr_c.a(initio.o)
                              c:/nxp/lpcxpresso_7.5.0_254/lpcxpresso/tools/bin/../lib/gcc/arm-none-eabi/4.8.4/../../../../arm-none-eabi/lib/armv6-m\libcr_nohost.a(_cr__main.o) (_initio)
c:/nxp/lpcxpresso_7.5.0_254/lpcxpresso/tools/bin/../lib/gcc/arm-none-eabi/4.8.4/../../../../arm-none-eabi/lib/armv6-m\libcr_c.a(memcmp.o)
                              ./src/modbus/mbtcp.o (memcmp)
c:/nxp/lpcxpresso_7.5.0_254/lpcxpresso/tools/bin/../lib/gcc/arm-none-eabi/4.8.4/../../../../arm-none-eabi/lib/armv6-m\libcr_c.a(printf.o)
                              c:/nxp/lpcxpresso_7.5.0_254/lpcxpresso/tools/bin/../lib/gcc/arm-none-eabi/4.8.4/../../../../arm-none-eabi/lib/armv6-m\libcr_c.a(fpprintf.o) (__vfprintf)
c:/nxp/lpcxpresso_7.5.0_254/lpcxpresso/tools/bin/../lib/gcc/arm-none-eabi/4.8.4/../../../../arm-none-eabi/lib/armv6-m\libcr_c.a(scanf.o)
                              ./src/Internet/SNMP/snmp.o (sscanf)
c:/nxp/lpcxpresso_7.5.0_254/lpcxpresso/tools/bin/../lib/gcc/arm-none-eabi/4.8.4/../../../../arm-none-eabi/lib/armv6-m\libcr_c.a(setvbuf.o)
[...]
Memory Configuration

Name             Origin             Length             Attributes
MFlash96         0x00006000         0x00012000         xr
RamLoc8          0x10000000         0x00002000         xrw
RamPeriph2       0x20000000         0x00000800         xrw
SRAM1_2          0x20004000         0x00000800         xrw
*default*        0x00000000         0xffffffff

Linker script and memory map

LOAD ./src/netutil/netutil.o
LOAD ./src/modbus/mb.o
LOAD ./src/modbus/mbascii.o
LOAD ./src/modbus/mbcrc.o
LOAD ./src/modbus/mbrtu.o
LOAD ./src/modbus/mbtcp.o
LOAD ./src/modbus/mbtimer.o
LOAD ./src/callback/dhcp_cb.o
LOAD ./src/S2E/S2E.o
LOAD ./src/PlatformHandler/eepromHandler.o
LOAD ./src/PlatformHandler/sspHandler.o
LOAD ./src/PlatformHandler/timerHandler.o
LOAD ./src/PlatformHandler/uartHandler.o
LOAD ./src/Internet/httpServer/httpParser.o
LOAD ./src/Internet/httpServer/httpServer.o
LOAD ./src/Internet/httpServer/httpUtil.o
LOAD ./src/Internet/TFTP/netutil.o
LOAD ./src/Internet/TFTP/tftp.o
LOAD ./src/Internet/SNTP/sntp.o
LOAD ./src/Internet/SNMP/snmp.o
LOAD ./src/Internet/SNMP/snmp_custom.o
LOAD ./src/Internet/MQTT/MQTTPacket/src/MQTTConnectClient.o
LOAD ./src/Internet/MQTT/MQTTPacket/src/MQTTConnectServer.o
LOAD ./src/Internet/MQTT/MQTTPacket/src/MQTTDeserializePublish.o
LOAD ./src/Internet/MQTT/MQTTPacket/src/MQTTFormat.o
LOAD ./src/Internet/MQTT/MQTTPacket/src/MQTTPacket.o
LOAD ./src/Internet/MQTT/MQTTPacket/src/MQTTSerializePublish.o
LOAD ./src/Internet/MQTT/MQTTPacket/src/MQTTSubscribeClient.o
LOAD ./src/Internet/MQTT/MQTTPacket/src/MQTTSubscribeServer.o
LOAD ./src/Internet/MQTT/MQTTPacket/src/MQTTUnsubscribeClient.o
LOAD ./src/Internet/MQTT/MQTTPacket/src/MQTTUnsubscribeServer.o
LOAD ./src/Internet/MQTT/MQTTClient.o
LOAD ./src/Internet/MQTT/mqtt_interface.o
LOAD ./src/Internet/FTPServer/ftpd.o
LOAD ./src/Internet/FTPClient/ftpc.o
LOAD ./src/Internet/DNS/dns.o
LOAD ./src/Internet/DHCP/dhcp.o
LOAD ./src/Ethernet/W5500/w5500.o
LOAD ./src/Ethernet/socket.o
LOAD ./src/Ethernet/wizchip_conf.o
LOAD ./src/Configuration/ConfigData.o
LOAD ./src/Configuration/ConfigMessage.o
LOAD ./src/ATcmd/library/sockutil.o
LOAD ./src/ATcmd/library/util.o
LOAD ./src/ATcmd/atcmd.o
LOAD ./src/ATcmd/cmdrun.o
LOAD ./src/aeabi_romdiv_patch.o
LOAD ./src/cr_startup_lpc11exx.o
LOAD ./src/crp.o
LOAD ./src/main.o
LOAD ./src/sysinit.o
LOAD C:\Users\boomw\Documents\lpcxpresso-workspace-wiz550s2e\wiznet_s2e_wiz550s2e_board\Release\libwiznet_s2e_wiz550s2e_board.a
LOAD C:\Users\boomw\Documents\lpcxpresso-workspace-wiz550s2e\lpc_chip_11exx\Release\liblpc_chip_11exx.a
START GROUP
LOAD c:/nxp/lpcxpresso_7.5.0_254/lpcxpresso/tools/bin/../lib/gcc/arm-none-eabi/4.8.4/../../../../arm-none-eabi/lib/armv6-m\libcr_nohost.a
LOAD c:/nxp/lpcxpresso_7.5.0_254/lpcxpresso/tools/bin/../lib/gcc/arm-none-eabi/4.8.4/../../../../arm-none-eabi/lib/armv6-m\libcr_c.a
LOAD c:/nxp/lpcxpresso_7.5.0_254/lpcxpresso/tools/bin/../lib/gcc/arm-none-eabi/4.8.4/armv6-m\libcr_eabihelpers.a
END GROUP
                0x00018000                __top_MFlash96 = 0x18000
                0x10002000                __top_RamLoc8 = 0x10002000
                0x20000800                __top_RamPeriph2 = 0x20000800
                0x20004800                __top_SRAM1_2 = 0x20004800

.text           0x00006000     0xfe48
 FILL mask 0xff
                0x00006000                __vectors_start__ = ABSOLUTE (.)
 *(.isr_vector)
 .isr_vector    0x00006000       0xc0 ./src/cr_startup_lpc11exx.o
                0x00006000                g_pfnVectors
                0x000060c0                . = ALIGN (0x4)
                0x000060c0                __section_table_start = .
                0x000060c0                __data_section_table = .
                0x000060c0        0x4 LONG 0x15e48 LOADADDR (.data)
                0x000060c4        0x4 LONG 0x10000000 ADDR (.data)
                0x000060c8        0x4 LONG 0x15c SIZEOF (.data)
                0x000060cc        0x4 LONG 0x15e48 LOADADDR (.data_RAM2)
                0x000060d0        0x4 LONG 0x20000000 ADDR (.data_RAM2)
                0x000060d4        0x4 LONG 0x0 SIZEOF (.data_RAM2)
                0x000060d8        0x4 LONG 0x15e48 LOADADDR (.data_RAM3)
                0x000060dc        0x4 LONG 0x20004000 ADDR (.data_RAM3)
                0x000060e0        0x4 LONG 0x0 SIZEOF (.data_RAM3)
                0x000060e4                __data_section_table_end = .
                0x000060e4                __bss_section_table = .
                0x000060e4        0x4 LONG 0x1000015c ADDR (.bss)
                0x000060e8        0x4 LONG 0x16a8 SIZEOF (.bss)
                0x000060ec        0x4 LONG 0x20000000 ADDR (.bss_RAM2)
                0x000060f0        0x4 LONG 0x0 SIZEOF (.bss_RAM2)
                0x000060f4        0x4 LONG 0x20004000 ADDR (.bss_RAM3)
                0x000060f8        0x4 LONG 0x0 SIZEOF (.bss_RAM3)
                0x000060fc                __bss_section_table_end = .
                0x000060fc                __section_table_end = .
 *(.after_vectors*)
 .after_vectors
                0x000060fc       0xdc ./src/cr_startup_lpc11exx.o
                0x000060fc                NMI_Handler
                0x00006100                HardFault_Handler
                0x00006104                SVC_Handler
                0x00006108                PendSV_Handler
                0x0000610c                SysTick_Handler
                0x00006110                FLEX_INT7_IRQHandler
                0x00006110                FMC_IRQHandler
                0x00006110                FLEX_INT1_IRQHandler
                0x00006110                IntDefaultHandler
                0x00006110                SSP0_IRQHandler
                0x00006110                FLEX_INT6_IRQHandler
                0x00006110                FLEX_INT2_IRQHandler
                0x00006110                TIMER16_1_IRQHandler
                0x00006110                FLEX_INT5_IRQHandler
                0x00006110                ADC_IRQHandler
                0x00006110                SSP1_IRQHandler
                0x00006110                FLEX_INT3_IRQHandler
                0x00006110                BOD_IRQHandler
                0x00006110                I2C_IRQHandler
                0x00006110                WDT_IRQHandler
                0x00006110                TIMER16_0_IRQHandler
                0x00006110                GINT0_IRQHandler
                0x00006110                FLEX_INT4_IRQHandler
                0x00006110                GINT1_IRQHandler
                0x00006114                ResetISR
                0x000061b0                data_init
                0x000061c4                bss_init
                0x000002fc                . = 0x2fc
 *fill*         0x000061d8      0x124 ff
                0x000062fc                PROVIDE (__CRP_WORD_START__, .)
 *(.crp)
 .crp           0x000062fc        0x4 ./src/crp.o
                0x000062fc                CRP_WORD
                0x00006300                PROVIDE (__CRP_WORD_END__, .)
                0x00000001                ASSERT (! ((__CRP_WORD_START__ == __CRP_WORD_END__)), Linker CRP Enabled, but no CRP_WORD provided within application)
 *(.text*)
 .text.mbTCPtoRTU
                0x00006300       0x3c ./src/modbus/mb.o
                0x00006300                mbTCPtoRTU
 .text.mbRTUtoTCP
                0x0000633c       0x68 ./src/modbus/mb.o
                0x0000633c                mbRTUtoTCP
 .text.mbTCPtoASCII
                0x000063a4       0x90 ./src/modbus/mb.o
                0x000063a4                mbTCPtoASCII
 .text.mbASCIItoTCP
                0x00006434       0x68 ./src/modbus/mb.o
                0x00006434                mbASCIItoTCP
 .text.prvucMBBIN2CHAR
                0x0000649c       0x20 ./src/modbus/mbascii.o
                0x0000649c                prvucMBBIN2CHAR
 .text.prvucMBLRC
                0x000064bc      0x198 ./src/modbus/mbascii.o
                0x000064bc                prvucMBLRC
 .text.MBascii2tcpFrame
                0x00006654      0x2ac ./src/modbus/mbascii.o
                0x00006654                MBascii2tcpFrame
 .text.ASCII_Uart_RX
                0x00006900       0x8c ./src/modbus/mbascii.o
                0x00006900                ASCII_Uart_RX
 .text.usMBCRC16
                0x0000698c       0x40 ./src/modbus/mbcrc.o
                0x0000698c                usMBCRC16
 .text.eMBRTUInit
                0x000069cc       0x90 ./src/modbus/mbrtu.o
                0x000069cc                eMBRTUInit
 .text.MBrtu2tcpFrame
                0x00006a5c       0x68 ./src/modbus/mbrtu.o
                0x00006a5c                MBrtu2tcpFrame
 .text.RTU_Uart_RX
                0x00006ac4       0x7c ./src/modbus/mbrtu.o
                0x00006ac4                RTU_Uart_RX
 .text.MBtcp2rtuFrame
                0x00006b40      0x110 ./src/modbus/mbtcp.o
                0x00006b40                MBtcp2rtuFrame
 .text.MBtcp2asciiFrame
                0x00006c50       0xf8 ./src/modbus/mbtcp.o
                0x00006c50                MBtcp2asciiFrame
 .text.xMBPortTimersInit
                0x00006d48       0x54 ./src/modbus/mbtimer.o
                0x00006d48                xMBPortTimersInit
 .text.vMBPortTimersEnable
                0x00006d9c       0x2c ./src/modbus/mbtimer.o
                0x00006d9c                vMBPortTimersEnable
 .text.xMBRTUTimerT35Expired
                0x00006dc8       0x38 ./src/modbus/mbtimer.o
                0x00006dc8                xMBRTUTimerT35Expired
 .text.w5500_dhcp_assign
                0x00006e00       0x8c ./src/callback/dhcp_cb.o
                0x00006e00                w5500_dhcp_assign
 .text.w5500_dhcp_conflict
                0x00006e8c        0x4 ./src/callback/dhcp_cb.o
                0x00006e8c                w5500_dhcp_conflict
 .text.ether_to_uart
                0x00006e90      0x104 ./src/S2E/S2E.o
 .text.uart_to_ether
                0x00006f94      0x2c0 ./src/S2E/S2E.o
 .text.s2e_run  0x00007254      0x908 ./src/S2E/S2E.o
                0x00007254                s2e_run
 .text.read_eeprom
                0x00007b5c       0x44 ./src/PlatformHandler/eepromHandler.o
                0x00007b5c                read_eeprom
 .text.write_eeprom
                0x00007ba0       0x44 ./src/PlatformHandler/eepromHandler.o
                0x00007ba0                write_eeprom
 .text.wizchip_select
                0x00007be4        0xc ./src/PlatformHandler/sspHandler.o
 .text.wizchip_deselect
                0x00007bf0        0xc ./src/PlatformHandler/sspHandler.o
 .text.wizchip_readburst
                0x00007bfc       0x14 ./src/PlatformHandler/sspHandler.o
                0x00007bfc                wizchip_readburst
 .text.wizchip_read
                0x00007c10       0x1c ./src/PlatformHandler/sspHandler.o
 .text.wizchip_writeburst
                0x00007c2c       0x14 ./src/PlatformHandler/sspHandler.o
                0x00007c2c                wizchip_writeburst
 .text.wizchip_write
                0x00007c40       0x1c ./src/PlatformHandler/sspHandler.o
 .text.SPI_Init
                0x00007c5c       0x88 ./src/PlatformHandler/sspHandler.o
                0x00007c5c                SPI_Init
 .text.W5500_Init
                0x00007ce4       0x80 ./src/PlatformHandler/sspHandler.o
                0x00007ce4                W5500_Init
 .text.TIMER32_0_IRQHandler
                0x00007d64      0x280 ./src/PlatformHandler/timerHandler.o
                0x00007d64                TIMER32_0_IRQHandler
 .text.timer_Init
                0x00007fe4       0x54 ./src/PlatformHandler/timerHandler.o
                0x00007fe4                timer_Init
 .text.delay_cnt
                0x00008038       0x14 ./src/PlatformHandler/timerHandler.o
                0x00008038                delay_cnt
 .text.TIMER32_1_IRQHandler
                0x0000804c       0x18 ./src/PlatformHandler/timerHandler.o
                0x0000804c                TIMER32_1_IRQHandler
 .text.USART_IRQHandler
                0x00008064       0x1c ./src/PlatformHandler/uartHandler.o
                0x00008064                USART_IRQHandler
 .text.serial_info_init
                0x00008080       0xfc ./src/PlatformHandler/uartHandler.o
                0x00008080                serial_info_init
 .text.UART_buffer_flush
                0x0000817c        0x8 ./src/PlatformHandler/uartHandler.o
                0x0000817c                UART_buffer_flush
 .text.UART_read
                0x00008184       0x18 ./src/PlatformHandler/uartHandler.o
                0x00008184                UART_read
 .text.UART_write
                0x0000819c       0x18 ./src/PlatformHandler/uartHandler.o
                0x0000819c                UART_write
 .text.UART_Init
                0x000081b4      0x16c ./src/PlatformHandler/uartHandler.o
                0x000081b4                UART_Init
 .text.parseDNSMSG
                0x00008320      0x8c4 ./src/Internet/DNS/dns.o
                0x00008320                parseDNSMSG
 .text.DNS_init
                0x00008be4       0x20 ./src/Internet/DNS/dns.o
                0x00008be4                DNS_init
 .text.DNS_run  0x00008c04      0x194 ./src/Internet/DNS/dns.o
                0x00008c04                DNS_run
 .text.DNS_time_handler
                0x00008d98       0x10 ./src/Internet/DNS/dns.o
                0x00008d98                DNS_time_handler
 .text.default_ip_assign
                0x00008da8       0x34 ./src/Internet/DHCP/dhcp.o
                0x00008da8                default_ip_assign
 .text.default_ip_conflict
                0x00008ddc       0x24 ./src/Internet/DHCP/dhcp.o
                0x00008ddc                default_ip_conflict
 .text.default_ip_update
                0x00008e00       0x54 ./src/Internet/DHCP/dhcp.o
                0x00008e00                default_ip_update
 .text.reg_dhcp_cbfunc
                0x00008e54       0x40 ./src/Internet/DHCP/dhcp.o
                0x00008e54                reg_dhcp_cbfunc
 .text.makeDHCPMSG
                0x00008e94       0xd4 ./src/Internet/DHCP/dhcp.o
                0x00008e94                makeDHCPMSG
 .text.send_DHCP_DISCOVER
                0x00008f68      0x1e0 ./src/Internet/DHCP/dhcp.o
                0x00008f68                send_DHCP_DISCOVER
 .text.send_DHCP_REQUEST
                0x00009148      0x3f0 ./src/Internet/DHCP/dhcp.o
                0x00009148                send_DHCP_REQUEST
 .text.send_DHCP_DECLINE
                0x00009538      0x110 ./src/Internet/DHCP/dhcp.o
                0x00009538                send_DHCP_DECLINE
 .text.DHCP_run
                0x00009648      0x434 ./src/Internet/DHCP/dhcp.o
                0x00009648                DHCP_run
 .text.DHCP_init
                0x00009a7c       0xbc ./src/Internet/DHCP/dhcp.o
                0x00009a7c                DHCP_init
 .text.DHCP_time_handler
                0x00009b38       0x10 ./src/Internet/DHCP/dhcp.o
                0x00009b38                DHCP_time_handler
 .text.getIPfromDHCP
                0x00009b48       0x18 ./src/Internet/DHCP/dhcp.o
                0x00009b48                getIPfromDHCP
 .text.getGWfromDHCP
                0x00009b60       0x18 ./src/Internet/DHCP/dhcp.o
                0x00009b60                getGWfromDHCP
 .text.getSNfromDHCP
                0x00009b78       0x18 ./src/Internet/DHCP/dhcp.o
                0x00009b78                getSNfromDHCP
 .text.getDNSfromDHCP
                0x00009b90       0x18 ./src/Internet/DHCP/dhcp.o
                0x00009b90                getDNSfromDHCP
 .text.WIZCHIP_READ
                0x00009ba8       0x60 ./src/Ethernet/W5500/w5500.o
                0x00009ba8                WIZCHIP_READ
 .text.WIZCHIP_WRITE
                0x00009c08       0x60 ./src/Ethernet/W5500/w5500.o
                0x00009c08                WIZCHIP_WRITE
 .text.WIZCHIP_READ_BUF
                0x00009c68       0x7c ./src/Ethernet/W5500/w5500.o
                0x00009c68                WIZCHIP_READ_BUF
 .text.WIZCHIP_WRITE_BUF
                0x00009ce4       0x84 ./src/Ethernet/W5500/w5500.o
                0x00009ce4                WIZCHIP_WRITE_BUF
 .text.getSn_TX_FSR
                0x00009d68       0x50 ./src/Ethernet/W5500/w5500.o
                0x00009d68                getSn_TX_FSR
 .text.getSn_RX_RSR
                0x00009db8       0x50 ./src/Ethernet/W5500/w5500.o
                0x00009db8                getSn_RX_RSR
 .text.wiz_send_data
                0x00009e08       0x70 ./src/Ethernet/W5500/w5500.o
                0x00009e08                wiz_send_data
 .text.wiz_recv_data
                0x00009e78       0x70 ./src/Ethernet/W5500/w5500.o
                0x00009e78                wiz_recv_data
 .text.wiz_recv_ignore
                0x00009ee8       0x3c ./src/Ethernet/W5500/w5500.o
                0x00009ee8                wiz_recv_ignore
 .text.socket   0x00009f24      0x1d0 ./src/Ethernet/socket.o
                0x00009f24                socket
 .text.close    0x0000a0f4       0x7c ./src/Ethernet/socket.o
                0x0000a0f4                close
 .text.listen   0x0000a170       0xc8 ./src/Ethernet/socket.o
                0x0000a170                listen
 .text.connect  0x0000a238       0xf8 ./src/Ethernet/socket.o
                0x0000a238                connect
 .text.disconnect
                0x0000a330       0xfc ./src/Ethernet/socket.o
                0x0000a330                disconnect
 .text.send     0x0000a42c      0x1e8 ./src/Ethernet/socket.o
                0x0000a42c                send
 .text.recv     0x0000a614      0x1cc ./src/Ethernet/socket.o
                0x0000a614                recv
 .text.sendto   0x0000a7e0      0x164 ./src/Ethernet/socket.o
                0x0000a7e0                sendto
 .text.recvfrom
                0x0000a944      0x204 ./src/Ethernet/socket.o
                0x0000a944                recvfrom
 .text.ctlsocket
                0x0000ab48       0xcc ./src/Ethernet/socket.o
                0x0000ab48                ctlsocket
 .text.getsockopt
                0x0000ac14      0x144 ./src/Ethernet/socket.o
                0x0000ac14                getsockopt
 .text.wizchip_cris_enter
                0x0000ad58        0x4 ./src/Ethernet/wizchip_conf.o
                0x0000ad58                wizchip_cris_enter
 .text.wizchip_cris_exit
                0x0000ad5c        0x4 ./src/Ethernet/wizchip_conf.o
                0x0000ad5c                wizchip_cris_exit
 .text.wizchip_cs_select
                0x0000ad60        0x4 ./src/Ethernet/wizchip_conf.o
                0x0000ad60                wizchip_cs_select
 .text.wizchip_cs_deselect
                0x0000ad64        0x4 ./src/Ethernet/wizchip_conf.o
                0x0000ad64                wizchip_cs_deselect
 .text.wizchip_bus_readdata
                0x0000ad68        0x8 ./src/Ethernet/wizchip_conf.o
                0x0000ad68                wizchip_bus_readdata
 .text.wizchip_bus_writedata
                0x0000ad70        0x4 ./src/Ethernet/wizchip_conf.o
                0x0000ad70                wizchip_bus_writedata
 .text.wizchip_spi_readbyte
                0x0000ad74        0x4 ./src/Ethernet/wizchip_conf.o
                0x0000ad74                wizchip_spi_readbyte
 .text.wizchip_spi_writebyte
                0x0000ad78        0x4 ./src/Ethernet/wizchip_conf.o
                0x0000ad78                wizchip_spi_writebyte
 .text.wizchip_spi_readburst
                0x0000ad7c        0x4 ./src/Ethernet/wizchip_conf.o
                0x0000ad7c                wizchip_spi_readburst
 .text.wizchip_spi_writeburst
                0x0000ad80        0x4 ./src/Ethernet/wizchip_conf.o
                0x0000ad80                wizchip_spi_writeburst
 .text.reg_wizchip_cs_cbfunc
                0x0000ad84       0x24 ./src/Ethernet/wizchip_conf.o
                0x0000ad84                reg_wizchip_cs_cbfunc
 .text.reg_wizchip_spi_cbfunc
                0x0000ada8       0x2c ./src/Ethernet/wizchip_conf.o
                0x0000ada8                reg_wizchip_spi_cbfunc
 .text.reg_wizchip_spiburst_cbfunc
                0x0000add4       0x2c ./src/Ethernet/wizchip_conf.o
                0x0000add4                reg_wizchip_spiburst_cbfunc
 .text.ctlnetwork
                0x0000ae00      0x134 ./src/Ethernet/wizchip_conf.o
                0x0000ae00                ctlnetwork
 .text.wizchip_init
                0x0000af34      0x17c ./src/Ethernet/wizchip_conf.o
                0x0000af34                wizchip_init
 .text.ctlwizchip
                0x0000b0b0      0x340 ./src/Ethernet/wizchip_conf.o
                0x0000b0b0                ctlwizchip
 .text.get_S2E_Packet_pointer
                0x0000b3f0        0x8 ./src/Configuration/ConfigData.o
                0x0000b3f0                get_S2E_Packet_pointer
 .text.set_S2E_Packet_to_factory_value
                0x0000b3f8      0x188 ./src/Configuration/ConfigData.o
                0x0000b3f8                set_S2E_Packet_to_factory_value
 .text.load_S2E_Packet_from_eeprom
                0x0000b580       0x38 ./src/Configuration/ConfigData.o
                0x0000b580                load_S2E_Packet_from_eeprom
 .text.save_S2E_Packet_to_eeprom
                0x0000b5b8       0x20 ./src/Configuration/ConfigData.o
                0x0000b5b8                save_S2E_Packet_to_eeprom
 .text.get_S2E_Packet_value
                0x0000b5d8        0x8 ./src/Configuration/ConfigData.o
                0x0000b5d8                get_S2E_Packet_value
 .text.set_S2E_Packet_value
                0x0000b5e0        0x8 ./src/Configuration/ConfigData.o
                0x0000b5e0                set_S2E_Packet_value
 .text.set_S2E_Packet
                0x0000b5e8       0x5c ./src/Configuration/ConfigData.o
                0x0000b5e8                set_S2E_Packet
 .text.get_S2E_Packet
                0x0000b644       0x5c ./src/Configuration/ConfigData.o
                0x0000b644                get_S2E_Packet
 .text.Mac_Conf
                0x0000b6a0       0x18 ./src/Configuration/ConfigData.o
                0x0000b6a0                Mac_Conf
 .text.Net_Conf
                0x0000b6b8       0x6c ./src/Configuration/ConfigData.o
                0x0000b6b8                Net_Conf
 .text.set_mac  0x0000b724       0x14 ./src/Configuration/ConfigData.o
                0x0000b724                set_mac
 .text.unlikely.NVIC_SystemReset
                0x0000b738       0x18 ./src/Configuration/ConfigMessage.o
 .text.process_get_info
                0x0000b750      0x188 ./src/Configuration/ConfigMessage.o
 .text.process_set_info
                0x0000b8d8      0x1b0 ./src/Configuration/ConfigMessage.o
 .text.do_udp_config
                0x0000ba88      0x730 ./src/Configuration/ConfigMessage.o
                0x0000ba88                do_udp_config
 .text.sockwatch_open
                0x0000c1b8       0x20 ./src/ATcmd/library/sockutil.o
                0x0000c1b8                sockwatch_open
 .text.sockwatch_set
                0x0000c1d8       0x1c ./src/ATcmd/library/sockutil.o
                0x0000c1d8                sockwatch_set
 .text.sockwatch_clr
                0x0000c1f4       0x1c ./src/ATcmd/library/sockutil.o
                0x0000c1f4                sockwatch_clr
 .text.sockwatch_run
                0x0000c210      0x1d8 ./src/ATcmd/library/sockutil.o
                0x0000c210                sockwatch_run
 .text.ip_check
                0x0000c3e8       0xb8 ./src/ATcmd/library/sockutil.o
                0x0000c3e8                ip_check
 .text.port_check
                0x0000c4a0       0x34 ./src/ATcmd/library/sockutil.o
                0x0000c4a0                port_check
 .text.mac_check
                0x0000c4d4       0xb8 ./src/ATcmd/library/sockutil.o
                0x0000c4d4                mac_check
 .text.digit_length
                0x0000c58c       0x3c ./src/ATcmd/library/util.o
                0x0000c58c                digit_length
 .text.str_check
                0x0000c5c8       0x30 ./src/ATcmd/library/util.o
                0x0000c5c8                str_check
 .text.strsep   0x0000c5f8       0x3c ./src/ATcmd/library/util.o
                0x0000c5f8                strsep
 .text.cmd_resp.constprop.5
                0x0000c634      0x378 ./src/ATcmd/atcmd.o
 .text.cmd_resp.constprop.6
                0x0000c9ac      0x378 ./src/ATcmd/atcmd.o
 .text.hdl_fdns
                0x0000cd24       0xac ./src/ATcmd/atcmd.o
 .text.hdl_nopen
                0x0000cdd0      0x32c ./src/ATcmd/atcmd.o
 .text.hdl_msave
                0x0000d0fc       0x58 ./src/ATcmd/atcmd.o
 .text.hdl_mmode
                0x0000d154      0x208 ./src/ATcmd/atcmd.o
 .text.cmd_resp.constprop.7
                0x0000d35c      0x378 ./src/ATcmd/atcmd.o
 .text.hdl_nauto
                0x0000d6d4       0x2c ./src/ATcmd/atcmd.o
 .text.hdl_estat
                0x0000d700       0x2c ./src/ATcmd/atcmd.o
 .text.atc_init
                0x0000d72c       0x54 ./src/ATcmd/atcmd.o
                0x0000d72c                atc_init
 .text.cmd_resp_dump
                0x0000d780       0x60 ./src/ATcmd/atcmd.o
                0x0000d780                cmd_resp_dump
 .text.cmd_resp
                0x0000d7e0      0x544 ./src/ATcmd/atcmd.o
                0x0000d7e0                cmd_resp
 .text.hdl_mname
                0x0000dd24      0x170 ./src/ATcmd/atcmd.o
 .text.hdl_mpass
                0x0000de94      0x1d8 ./src/ATcmd/atcmd.o
 .text.hdl_mrst
                0x0000e06c       0x64 ./src/ATcmd/atcmd.o
 .text.hdl_mdata
                0x0000e0d0      0x10c ./src/ATcmd/atcmd.o
 .text.hdl_musart
                0x0000e1dc      0x62c ./src/ATcmd/atcmd.o
 .text.hdl_mstat
                0x0000e808      0x10c ./src/ATcmd/atcmd.o
 .text.hdl_mset
                0x0000e914      0x33c ./src/ATcmd/atcmd.o
 .text.hdl_nsock
                0x0000ec50      0x138 ./src/ATcmd/atcmd.o
 .text.hdl_nsend
                0x0000ed88      0x2ac ./src/ATcmd/atcmd.o
 .text.hdl_nclose
                0x0000f034      0x124 ./src/ATcmd/atcmd.o
 .text.hdl_nmac
                0x0000f158      0x174 ./src/ATcmd/atcmd.o
 .text.hdl_nstat
                0x0000f2cc      0x114 ./src/ATcmd/atcmd.o
 .text.hdl_nset
                0x0000f3e0      0x55c ./src/ATcmd/atcmd.o
 .text.atc_run  0x0000f93c      0x6e4 ./src/ATcmd/atcmd.o
                0x0000f93c                atc_run
 .text.sock_put
                0x00010020       0x3c ./src/ATcmd/cmdrun.o
 .text.act_nset_q
                0x0001005c      0x178 ./src/ATcmd/cmdrun.o
                0x0001005c                act_nset_q
 .text.act_nset_a
                0x000101d4       0xd4 ./src/ATcmd/cmdrun.o
                0x000101d4                act_nset_a
 .text.act_nstat
                0x000102a8      0x178 ./src/ATcmd/cmdrun.o
                0x000102a8                act_nstat
 .text.act_nmac_q
                0x00010420       0x50 ./src/ATcmd/cmdrun.o
                0x00010420                act_nmac_q
 .text.act_nmac_a
                0x00010470       0x48 ./src/ATcmd/cmdrun.o
                0x00010470                act_nmac_a
 .text.act_nopen_q
                0x000104b8       0x10 ./src/ATcmd/cmdrun.o
                0x000104b8                act_nopen_q
 .text.act_nopen_a
                0x000104c8      0x2c4 ./src/ATcmd/cmdrun.o
                0x000104c8                act_nopen_a
 .text.act_nclose
                0x0001078c       0xa4 ./src/ATcmd/cmdrun.o
                0x0001078c                act_nclose
 .text.act_nsend_chk
                0x00010830      0x15c ./src/ATcmd/cmdrun.o
                0x00010830                act_nsend_chk
 .text.act_nsend
                0x0001098c       0xf0 ./src/ATcmd/cmdrun.o
                0x0001098c                act_nsend
 .text.act_nrecv
                0x00010a7c      0x1cc ./src/ATcmd/cmdrun.o
                0x00010a7c                act_nrecv
 .text.atc_async_cb
                0x00010c48      0x178 ./src/ATcmd/cmdrun.o
                0x00010c48                atc_async_cb
 .text.act_nsock
                0x00010dc0      0x2dc ./src/ATcmd/cmdrun.o
                0x00010dc0                act_nsock
 .text.act_mset_q
                0x0001109c        0x4 ./src/ATcmd/cmdrun.o
                0x0001109c                act_mset_q
 .text.act_mset_a
                0x000110a0        0x4 ./src/ATcmd/cmdrun.o
                0x000110a0                act_mset_a
 .text.act_mstat
                0x000110a4       0x34 ./src/ATcmd/cmdrun.o
                0x000110a4                act_mstat
 .text.act_uart_q
                0x000110d8      0x130 ./src/ATcmd/cmdrun.o
                0x000110d8                act_uart_q
 .text.act_uart_a
                0x00011208       0x30 ./src/ATcmd/cmdrun.o
                0x00011208                act_uart_a
 .text.act_mdata
                0x00011238       0x7c ./src/ATcmd/cmdrun.o
                0x00011238                act_mdata
 .text.act_msave
                0x000112b4       0x14 ./src/ATcmd/cmdrun.o
                0x000112b4                act_msave
 .text.act_mmode_q
                0x000112c8       0xd8 ./src/ATcmd/cmdrun.o
                0x000112c8                act_mmode_q
 .text.act_mmode_a
                0x000113a0       0x7c ./src/ATcmd/cmdrun.o
                0x000113a0                act_mmode_a
 .text.act_mpass_q
                0x0001141c       0xc8 ./src/ATcmd/cmdrun.o
                0x0001141c                act_mpass_q
 .text.act_mpass_a
                0x000114e4       0x5c ./src/ATcmd/cmdrun.o
                0x000114e4                act_mpass_a
 .text.act_mname_q
                0x00011540       0x74 ./src/ATcmd/cmdrun.o
                0x00011540                act_mname_q
 .text.act_mname_a
                0x000115b4       0x30 ./src/ATcmd/cmdrun.o
                0x000115b4                act_mname_a
 .text.act_fdns
                0x000115e4       0xc0 ./src/ATcmd/cmdrun.o
                0x000115e4                act_fdns
 .text.__aeabi_idiv
                0x000116a4       0x10 ./src/aeabi_romdiv_patch.o
                0x000116a4                __aeabi_idivmod
                0x000116a4                __aeabi_idiv
 .text.__aeabi_uidiv
                0x000116b4       0x10 ./src/aeabi_romdiv_patch.o
                0x000116b4                __aeabi_uidivmod
                0x000116b4                __aeabi_uidiv
 .text.startup.main
                0x000116c4      0x1e0 ./src/main.o
                0x000116c4                main
 .text.SystemInit
                0x000118a4        0x8 ./src/sysinit.o
                0x000118a4                SystemInit
 .text.Board_UARTPutChar
                0x000118ac       0x18 C:\Users\boomw\Documents\lpcxpresso-workspace-wiz550s2e\wiznet_s2e_wiz550s2e_board\Release\libwiznet_s2e_wiz550s2e_board.a(board.o)
                0x000118ac                Board_UARTPutChar
 .text.__sys_write
                0x000118c4       0x1a C:\Users\boomw\Documents\lpcxpresso-workspace-wiz550s2e\wiznet_s2e_wiz550s2e_board\Release\libwiznet_s2e_wiz550s2e_board.a(board.o)
                0x000118c4                __sys_write
 *fill*         0x000118de        0x2 
 .text.Board_Debug_Init
                0x000118e0       0x44 C:\Users\boomw\Documents\lpcxpresso-workspace-wiz550s2e\wiznet_s2e_wiz550s2e_board\Release\libwiznet_s2e_wiz550s2e_board.a(board.o)
                0x000118e0                Board_Debug_Init
 .text.Board_LED_Set
                0x00011924       0x24 C:\Users\boomw\Documents\lpcxpresso-workspace-wiz550s2e\wiznet_s2e_wiz550s2e_board\Release\libwiznet_s2e_wiz550s2e_board.a(board.o)
                0x00011924                Board_LED_Set
 .text.Board_LED_Toggle
                0x00011948       0x28 C:\Users\boomw\Documents\lpcxpresso-workspace-wiz550s2e\wiznet_s2e_wiz550s2e_board\Release\libwiznet_s2e_wiz550s2e_board.a(board.o)
                0x00011948                Board_LED_Toggle
 .text.FLEX_INT0_IRQHandler
                0x00011970       0x1c C:\Users\boomw\Documents\lpcxpresso-workspace-wiz550s2e\wiznet_s2e_wiz550s2e_board\Release\libwiznet_s2e_wiz550s2e_board.a(board.o)
                0x00011970                FLEX_INT0_IRQHandler
 .text.Board_factory_get
                0x0001198c        0xe C:\Users\boomw\Documents\lpcxpresso-workspace-wiz550s2e\wiznet_s2e_wiz550s2e_board\Release\libwiznet_s2e_wiz550s2e_board.a(board.o)
                0x0001198c                Board_factory_get
 *fill*         0x0001199a        0x2 
 .text.Board_factory_Init
                0x0001199c       0x60 C:\Users\boomw\Documents\lpcxpresso-workspace-wiz550s2e\wiznet_s2e_wiz550s2e_board\Release\libwiznet_s2e_wiz550s2e_board.a(board.o)
                0x0001199c                Board_factory_Init
 .text.Board_Init
                0x000119fc       0x5c C:\Users\boomw\Documents\lpcxpresso-workspace-wiz550s2e\wiznet_s2e_wiz550s2e_board\Release\libwiznet_s2e_wiz550s2e_board.a(board.o)
                0x000119fc                Board_Init
 .text.Board_SystemInit
                0x00011a58       0x9c C:\Users\boomw\Documents\lpcxpresso-workspace-wiz550s2e\wiznet_s2e_wiz550s2e_board\Release\libwiznet_s2e_wiz550s2e_board.a(board_sysinit.o)
                0x00011a58                Board_SystemInit
 .text.SystemCoreClockUpdate
                0x00011af4       0x10 C:\Users\boomw\Documents\lpcxpresso-workspace-wiz550s2e\lpc_chip_11exx\Release\liblpc_chip_11exx.a(chip_11xx.o)
                0x00011af4                SystemCoreClockUpdate
 .text.Chip_Clock_SetSystemPLLSource
                0x00011b04       0x14 C:\Users\boomw\Documents\lpcxpresso-workspace-wiz550s2e\lpc_chip_11exx\Release\liblpc_chip_11exx.a(clock_11xx.o)
                0x00011b04                Chip_Clock_SetSystemPLLSource
 .text.Chip_Clock_SetMainClockSource
                0x00011b18       0x14 C:\Users\boomw\Documents\lpcxpresso-workspace-wiz550s2e\lpc_chip_11exx\Release\liblpc_chip_11exx.a(clock_11xx.o)
                0x00011b18                Chip_Clock_SetMainClockSource
 .text.Chip_Clock_GetWDTOSCRate
                0x00011b2c       0x28 C:\Users\boomw\Documents\lpcxpresso-workspace-wiz550s2e\lpc_chip_11exx\Release\liblpc_chip_11exx.a(clock_11xx.o)
                0x00011b2c                Chip_Clock_GetWDTOSCRate
 .text.Chip_Clock_GetSystemPLLInClockRate
                0x00011b54       0x28 C:\Users\boomw\Documents\lpcxpresso-workspace-wiz550s2e\lpc_chip_11exx\Release\liblpc_chip_11exx.a(clock_11xx.o)
                0x00011b54                Chip_Clock_GetSystemPLLInClockRate
 .text.Chip_Clock_GetSystemPLLOutClockRate
                0x00011b7c       0x18 C:\Users\boomw\Documents\lpcxpresso-workspace-wiz550s2e\lpc_chip_11exx\Release\liblpc_chip_11exx.a(clock_11xx.o)
                0x00011b7c                Chip_Clock_GetSystemPLLOutClockRate
 .text.Chip_Clock_GetMainClockRate
                0x00011b94       0x34 C:\Users\boomw\Documents\lpcxpresso-workspace-wiz550s2e\lpc_chip_11exx\Release\liblpc_chip_11exx.a(clock_11xx.o)
                0x00011b94                Chip_Clock_GetMainClockRate
 .text.Chip_Clock_GetSystemClockRate
                0x00011bc8       0x14 C:\Users\boomw\Documents\lpcxpresso-workspace-wiz550s2e\lpc_chip_11exx\Release\liblpc_chip_11exx.a(clock_11xx.o)
                0x00011bc8                Chip_Clock_GetSystemClockRate
 .text.Chip_GPIO_Init
                0x00011bdc       0x10 C:\Users\boomw\Documents\lpcxpresso-workspace-wiz550s2e\lpc_chip_11exx\Release\liblpc_chip_11exx.a(gpio_11xx_1.o)
                0x00011bdc                Chip_GPIO_Init
 .text.Chip_IOCON_PinMuxSet
                0x00011bec        0xc C:\Users\boomw\Documents\lpcxpresso-workspace-wiz550s2e\lpc_chip_11exx\Release\liblpc_chip_11exx.a(iocon_11xx.o)
                0x00011bec                Chip_IOCON_PinMuxSet
 .text.RingBuffer_Init
                0x00011bf8       0x10 C:\Users\boomw\Documents\lpcxpresso-workspace-wiz550s2e\lpc_chip_11exx\Release\liblpc_chip_11exx.a(ring_buffer.o)
                0x00011bf8                RingBuffer_Init
 .text.RingBuffer_Insert
                0x00011c08       0x2e C:\Users\boomw\Documents\lpcxpresso-workspace-wiz550s2e\lpc_chip_11exx\Release\liblpc_chip_11exx.a(ring_buffer.o)
                0x00011c08                RingBuffer_Insert
 .text.RingBuffer_InsertMult
                0x00011c36       0x7c C:\Users\boomw\Documents\lpcxpresso-workspace-wiz550s2e\lpc_chip_11exx\Release\liblpc_chip_11exx.a(ring_buffer.o)
                0x00011c36                RingBuffer_InsertMult
 .text.RingBuffer_Pop
                0x00011cb2       0x30 C:\Users\boomw\Documents\lpcxpresso-workspace-wiz550s2e\lpc_chip_11exx\Release\liblpc_chip_11exx.a(ring_buffer.o)
                0x00011cb2                RingBuffer_Pop
 .text.RingBuffer_PopMult
                0x00011ce2       0x78 C:\Users\boomw\Documents\lpcxpresso-workspace-wiz550s2e\lpc_chip_11exx\Release\liblpc_chip_11exx.a(ring_buffer.o)
                0x00011ce2                RingBuffer_PopMult
 *fill*         0x00011d5a        0x2 
 .text.Chip_SSP_SetClockRate
                0x00011d5c       0x18 C:\Users\boomw\Documents\lpcxpresso-workspace-wiz550s2e\lpc_chip_11exx\Release\liblpc_chip_11exx.a(ssp_11xx.o)
                0x00011d5c                Chip_SSP_SetClockRate
 .text.Chip_SSP_WriteFrames_Blocking
                0x00011d74       0x8c C:\Users\boomw\Documents\lpcxpresso-workspace-wiz550s2e\lpc_chip_11exx\Release\liblpc_chip_11exx.a(ssp_11xx.o)
                0x00011d74                Chip_SSP_WriteFrames_Blocking
 .text.Chip_SSP_ReadFrames_Blocking
                0x00011e00       0xb8 C:\Users\boomw\Documents\lpcxpresso-workspace-wiz550s2e\lpc_chip_11exx\Release\liblpc_chip_11exx.a(ssp_11xx.o)
                0x00011e00                Chip_SSP_ReadFrames_Blocking
 .text.Chip_SSP_SetMaster
                0x00011eb8       0x14 C:\Users\boomw\Documents\lpcxpresso-workspace-wiz550s2e\lpc_chip_11exx\Release\liblpc_chip_11exx.a(ssp_11xx.o)
                0x00011eb8                Chip_SSP_SetMaster
 .text.Chip_SSP_SetBitRate
                0x00011ecc       0x64 C:\Users\boomw\Documents\lpcxpresso-workspace-wiz550s2e\lpc_chip_11exx\Release\liblpc_chip_11exx.a(ssp_11xx.o)
                0x00011ecc                Chip_SSP_SetBitRate
 .text.Chip_SSP_Init
                0x00011f30       0x78 C:\Users\boomw\Documents\lpcxpresso-workspace-wiz550s2e\lpc_chip_11exx\Release\liblpc_chip_11exx.a(ssp_11xx.o)
                0x00011f30                Chip_SSP_Init
 .text.Chip_SYSCTL_PowerDown
                0x00011fa8       0x1c C:\Users\boomw\Documents\lpcxpresso-workspace-wiz550s2e\lpc_chip_11exx\Release\liblpc_chip_11exx.a(sysctl_11xx.o)
                0x00011fa8                Chip_SYSCTL_PowerDown
 .text.Chip_SYSCTL_PowerUp
                0x00011fc4       0x24 C:\Users\boomw\Documents\lpcxpresso-workspace-wiz550s2e\lpc_chip_11exx\Release\liblpc_chip_11exx.a(sysctl_11xx.o)
                0x00011fc4                Chip_SYSCTL_PowerUp
 .text.Chip_TIMER_Init
                0x00011fe8       0x40 C:\Users\boomw\Documents\lpcxpresso-workspace-wiz550s2e\lpc_chip_11exx\Release\liblpc_chip_11exx.a(timer_11xx.o)
                0x00011fe8                Chip_TIMER_Init
 .text.Chip_TIMER_Reset
                0x00012028       0x18 C:\Users\boomw\Documents\lpcxpresso-workspace-wiz550s2e\lpc_chip_11exx\Release\liblpc_chip_11exx.a(timer_11xx.o)
                0x00012028                Chip_TIMER_Reset
 .text.Chip_UART_Init
                0x00012040       0x28 C:\Users\boomw\Documents\lpcxpresso-workspace-wiz550s2e\lpc_chip_11exx\Release\liblpc_chip_11exx.a(uart_11xx.o)
                0x00012040                Chip_UART_Init
 .text.Chip_UART_Send
                0x00012068       0x1a C:\Users\boomw\Documents\lpcxpresso-workspace-wiz550s2e\lpc_chip_11exx\Release\liblpc_chip_11exx.a(uart_11xx.o)
                0x00012068                Chip_UART_Send
 .text.Chip_UART_SendBlocking
                0x00012082       0x24 C:\Users\boomw\Documents\lpcxpresso-workspace-wiz550s2e\lpc_chip_11exx\Release\liblpc_chip_11exx.a(uart_11xx.o)
                0x00012082                Chip_UART_SendBlocking
 .text.Chip_UART_SetBaud
                0x000120a6       0x38 C:\Users\boomw\Documents\lpcxpresso-workspace-wiz550s2e\lpc_chip_11exx\Release\liblpc_chip_11exx.a(uart_11xx.o)
                0x000120a6                Chip_UART_SetBaud
 .text.Chip_UART_RXIntHandlerRB
                0x000120de       0x1e C:\Users\boomw\Documents\lpcxpresso-workspace-wiz550s2e\lpc_chip_11exx\Release\liblpc_chip_11exx.a(uart_11xx.o)
                0x000120de                Chip_UART_RXIntHandlerRB
 .text.Chip_UART_TXIntHandlerRB
                0x000120fc       0x24 C:\Users\boomw\Documents\lpcxpresso-workspace-wiz550s2e\lpc_chip_11exx\Release\liblpc_chip_11exx.a(uart_11xx.o)
                0x000120fc                Chip_UART_TXIntHandlerRB
 .text.Chip_UART_SendRB
                0x00012120       0x3e C:\Users\boomw\Documents\lpcxpresso-workspace-wiz550s2e\lpc_chip_11exx\Release\liblpc_chip_11exx.a(uart_11xx.o)
                0x00012120                Chip_UART_SendRB
 .text.Chip_UART_ReadRB
                0x0001215e        0xe C:\Users\boomw\Documents\lpcxpresso-workspace-wiz550s2e\lpc_chip_11exx\Release\liblpc_chip_11exx.a(uart_11xx.o)
                0x0001215e                Chip_UART_ReadRB
 .text.Chip_UART_IRQRBHandler
                0x0001216c       0x2e C:\Users\boomw\Documents\lpcxpresso-workspace-wiz550s2e\lpc_chip_11exx\Release\liblpc_chip_11exx.a(uart_11xx.o)
                0x0001216c                Chip_UART_IRQRBHandler
 .text.__main   0x0001219a       0x12 c:/nxp/lpcxpresso_7.5.0_254/lpcxpresso/tools/bin/../lib/gcc/arm-none-eabi/4.8.4/../../../../arm-none-eabi/lib/armv6-m\libcr_nohost.a(_cr__main.o)
                0x0001219a                __main
 .text.memcpy   0x000121ac        0x8 c:/nxp/lpcxpresso_7.5.0_254/lpcxpresso/tools/bin/../lib/gcc/arm-none-eabi/4.8.4/../../../../arm-none-eabi/lib/armv6-m\libcr_c.a(memcpy.o)
                0x000121ac                memcpy
 .text.memset   0x000121b4        0x8 c:/nxp/lpcxpresso_7.5.0_254/lpcxpresso/tools/bin/../lib/gcc/arm-none-eabi/4.8.4/../../../../arm-none-eabi/lib/armv6-m\libcr_c.a(memset.o)
                0x000121b4                memset
 .text.malloc   0x000121bc       0xc4 c:/nxp/lpcxpresso_7.5.0_254/lpcxpresso/tools/bin/../lib/gcc/arm-none-eabi/4.8.4/../../../../arm-none-eabi/lib/armv6-m\libcr_c.a(alloc.o)
                0x000121bc                malloc
 .text.free     0x00012280        0xe c:/nxp/lpcxpresso_7.5.0_254/lpcxpresso/tools/bin/../lib/gcc/arm-none-eabi/4.8.4/../../../../arm-none-eabi/lib/armv6-m\libcr_c.a(alloc.o)
                0x00012280                free
 *fill*         0x0001228e        0x2 
 .text._Csys_alloc
                0x00012290       0x20 c:/nxp/lpcxpresso_7.5.0_254/lpcxpresso/tools/bin/../lib/gcc/arm-none-eabi/4.8.4/../../../../arm-none-eabi/lib/armv6-m\libcr_c.a(alloc.o)
                0x00012290                _Csys_alloc
 .text.isalpha  0x000122b0       0x14 c:/nxp/lpcxpresso_7.5.0_254/lpcxpresso/tools/bin/../lib/gcc/arm-none-eabi/4.8.4/../../../../arm-none-eabi/lib/armv6-m\libcr_c.a(ctype.o)
                0x000122b0                isalpha
 .text.isdigit  0x000122c4       0x14 c:/nxp/lpcxpresso_7.5.0_254/lpcxpresso/tools/bin/../lib/gcc/arm-none-eabi/4.8.4/../../../../arm-none-eabi/lib/armv6-m\libcr_c.a(ctype.o)
                0x000122c4                isdigit
 .text.isxdigit
                0x000122d8       0x14 c:/nxp/lpcxpresso_7.5.0_254/lpcxpresso/tools/bin/../lib/gcc/arm-none-eabi/4.8.4/../../../../arm-none-eabi/lib/armv6-m\libcr_c.a(ctype.o)
                0x000122d8                isxdigit
 .text.toupper  0x000122ec       0x14 c:/nxp/lpcxpresso_7.5.0_254/lpcxpresso/tools/bin/../lib/gcc/arm-none-eabi/4.8.4/../../../../arm-none-eabi/lib/armv6-m\libcr_c.a(ctype.o)
                0x000122ec                toupper
 .text.fp_round
                0x00012300       0x48 c:/nxp/lpcxpresso_7.5.0_254/lpcxpresso/tools/bin/../lib/gcc/arm-none-eabi/4.8.4/../../../../arm-none-eabi/lib/armv6-m\libcr_c.a(fpprintf.o)
 .text.pr_dec.constprop.1
                0x00012348       0x28 c:/nxp/lpcxpresso_7.5.0_254/lpcxpresso/tools/bin/../lib/gcc/arm-none-eabi/4.8.4/../../../../arm-none-eabi/lib/armv6-m\libcr_c.a(fpprintf.o)
 .text.sprintf  0x00012370       0x70 c:/nxp/lpcxpresso_7.5.0_254/lpcxpresso/tools/bin/../lib/gcc/arm-none-eabi/4.8.4/../../../../arm-none-eabi/lib/armv6-m\libcr_c.a(fpprintf.o)
                0x00012370                sprintf
 .text.fp_display
                0x000123e0      0x980 c:/nxp/lpcxpresso_7.5.0_254/lpcxpresso/tools/bin/../lib/gcc/arm-none-eabi/4.8.4/../../../../arm-none-eabi/lib/armv6-m\libcr_c.a(fpprintf.o)
 .text.vsnprintf
                0x00012d60       0x5c c:/nxp/lpcxpresso_7.5.0_254/lpcxpresso/tools/bin/../lib/gcc/arm-none-eabi/4.8.4/../../../../arm-none-eabi/lib/armv6-m\libcr_c.a(fpprintf.o)
                0x00012d60                vsnprintf
 .text.printf   0x00012dbc       0x50 c:/nxp/lpcxpresso_7.5.0_254/lpcxpresso/tools/bin/../lib/gcc/arm-none-eabi/4.8.4/../../../../arm-none-eabi/lib/armv6-m\libcr_c.a(fpprintf.o)
                0x00012dbc                printf
 .text._initio  0x00012e0c       0xa4 c:/nxp/lpcxpresso_7.5.0_254/lpcxpresso/tools/bin/../lib/gcc/arm-none-eabi/4.8.4/../../../../arm-none-eabi/lib/armv6-m\libcr_c.a(initio.o)
                0x00012e0c                _initio
 .text.memcmp   0x00012eb0       0x3a c:/nxp/lpcxpresso_7.5.0_254/lpcxpresso/tools/bin/../lib/gcc/arm-none-eabi/4.8.4/../../../../arm-none-eabi/lib/armv6-m\libcr_c.a(memcmp.o)
                0x00012eb0                memcmp
 *fill*         0x00012eea        0x2 
 .text.__vfprintf
                0x00012eec      0xd4c c:/nxp/lpcxpresso_7.5.0_254/lpcxpresso/tools/bin/../lib/gcc/arm-none-eabi/4.8.4/../../../../arm-none-eabi/lib/armv6-m\libcr_c.a(printf.o)
                0x00012eec                __vfprintf
 .text.ch_val   0x00013c38       0x30 c:/nxp/lpcxpresso_7.5.0_254/lpcxpresso/tools/bin/../lib/gcc/arm-none-eabi/4.8.4/../../../../arm-none-eabi/lib/armv6-m\libcr_c.a(scanf.o)
 .text._strtoul
                0x00013c68       0xcc c:/nxp/lpcxpresso_7.5.0_254/lpcxpresso/tools/bin/../lib/gcc/arm-none-eabi/4.8.4/../../../../arm-none-eabi/lib/armv6-m\libcr_c.a(scanf.o)
 .text.strtol   0x00013d34       0x80 c:/nxp/lpcxpresso_7.5.0_254/lpcxpresso/tools/bin/../lib/gcc/arm-none-eabi/4.8.4/../../../../arm-none-eabi/lib/armv6-m\libcr_c.a(scanf.o)
                0x00013d34                strtol
 .text.atoi     0x00013db4       0x18 c:/nxp/lpcxpresso_7.5.0_254/lpcxpresso/tools/bin/../lib/gcc/arm-none-eabi/4.8.4/../../../../arm-none-eabi/lib/armv6-m\libcr_c.a(scanf.o)
                0x00013db4                atoi
 .text.setvbuf  0x00013dcc       0x48 c:/nxp/lpcxpresso_7.5.0_254/lpcxpresso/tools/bin/../lib/gcc/arm-none-eabi/4.8.4/../../../../arm-none-eabi/lib/armv6-m\libcr_c.a(setvbuf.o)
                0x00013dcc                setvbuf
 .text.strchr   0x00013e14       0x14 c:/nxp/lpcxpresso_7.5.0_254/lpcxpresso/tools/bin/../lib/gcc/arm-none-eabi/4.8.4/../../../../arm-none-eabi/lib/armv6-m\libcr_c.a(strchr.o)
                0x00013e14                strchr
 .text.strcmp   0x00013e28       0x44 c:/nxp/lpcxpresso_7.5.0_254/lpcxpresso/tools/bin/../lib/gcc/arm-none-eabi/4.8.4/../../../../arm-none-eabi/lib/armv6-m\libcr_c.a(strcmp.o)
                0x00013e28                strcmp
 .text.strcpy   0x00013e6c       0x44 c:/nxp/lpcxpresso_7.5.0_254/lpcxpresso/tools/bin/../lib/gcc/arm-none-eabi/4.8.4/../../../../arm-none-eabi/lib/armv6-m\libcr_c.a(strcpy.o)
                0x00013e6c                strcpy
 .text.strlen   0x00013eb0       0x54 c:/nxp/lpcxpresso_7.5.0_254/lpcxpresso/tools/bin/../lib/gcc/arm-none-eabi/4.8.4/../../../../arm-none-eabi/lib/armv6-m\libcr_c.a(strlen.o)
                0x00013eb0                strlen
 .text.strncpy  0x00013f04       0x58 c:/nxp/lpcxpresso_7.5.0_254/lpcxpresso/tools/bin/../lib/gcc/arm-none-eabi/4.8.4/../../../../arm-none-eabi/lib/armv6-m\libcr_c.a(strncpy.o)
                0x00013f04                strncpy
 .text.strtok   0x00013f5c       0x44 c:/nxp/lpcxpresso_7.5.0_254/lpcxpresso/tools/bin/../lib/gcc/arm-none-eabi/4.8.4/../../../../arm-none-eabi/lib/armv6-m\libcr_c.a(strtok.o)
                0x00013f5c                strtok
 .text._sbrk    0x00013fa0       0x40 c:/nxp/lpcxpresso_7.5.0_254/lpcxpresso/tools/bin/../lib/gcc/arm-none-eabi/4.8.4/../../../../arm-none-eabi/lib/armv6-m\libcr_c.a(_cr_sbrk.o)
                0x00013fa0                _sbrk
 .text._deferredlazyseek
                0x00013fe0       0x44 c:/nxp/lpcxpresso_7.5.0_254/lpcxpresso/tools/bin/../lib/gcc/arm-none-eabi/4.8.4/../../../../arm-none-eabi/lib/armv6-m\libcr_c.a(_deferredlazyseek.o)
                0x00013fe0                _deferredlazyseek
 .text.__flsbuf
                0x00014024      0x154 c:/nxp/lpcxpresso_7.5.0_254/lpcxpresso/tools/bin/../lib/gcc/arm-none-eabi/4.8.4/../../../../arm-none-eabi/lib/armv6-m\libcr_c.a(_deferredlazyseek.o)
                0x00014024                __flsbuf
 .text._fdopen  0x00014178       0x68 c:/nxp/lpcxpresso_7.5.0_254/lpcxpresso/tools/bin/../lib/gcc/arm-none-eabi/4.8.4/../../../../arm-none-eabi/lib/armv6-m\libcr_c.a(_fdopen.o)
                0x00014178                _fdopen
 .text._fflush  0x000141e0       0x64 c:/nxp/lpcxpresso_7.5.0_254/lpcxpresso/tools/bin/../lib/gcc/arm-none-eabi/4.8.4/../../../../arm-none-eabi/lib/armv6-m\libcr_c.a(_fflush.o)
                0x000141e0                _fflush
 *fill*         0x00014244        0x4 
 .text._frexpl  0x00014248       0x80 c:/nxp/lpcxpresso_7.5.0_254/lpcxpresso/tools/bin/../lib/gcc/arm-none-eabi/4.8.4/../../../../arm-none-eabi/lib/armv6-m\libcr_c.a(_frexpl.o)
                0x00014248                _frexpl
 .text._ldexpl  0x000142c8       0x60 c:/nxp/lpcxpresso_7.5.0_254/lpcxpresso/tools/bin/../lib/gcc/arm-none-eabi/4.8.4/../../../../arm-none-eabi/lib/armv6-m\libcr_c.a(_ldexpl.o)
                0x000142c8                _ldexpl
 .text._Cwritebuf
                0x00014328       0x6c c:/nxp/lpcxpresso_7.5.0_254/lpcxpresso/tools/bin/../lib/gcc/arm-none-eabi/4.8.4/../../../../arm-none-eabi/lib/armv6-m\libcr_c.a(_writebuf.o)
                0x00014328                _Cwritebuf
 .text.fclose   0x00014394       0x70 c:/nxp/lpcxpresso_7.5.0_254/lpcxpresso/tools/bin/../lib/gcc/arm-none-eabi/4.8.4/../../../../arm-none-eabi/lib/armv6-m\libcr_c.a(fclose.o)
                0x00014394                fclose
 .text.fflush   0x00014404       0x34 c:/nxp/lpcxpresso_7.5.0_254/lpcxpresso/tools/bin/../lib/gcc/arm-none-eabi/4.8.4/../../../../arm-none-eabi/lib/armv6-m\libcr_c.a(fflush.o)
                0x00014404                fflush
 .text.fseek    0x00014438       0xf8 c:/nxp/lpcxpresso_7.5.0_254/lpcxpresso/tools/bin/../lib/gcc/arm-none-eabi/4.8.4/../../../../arm-none-eabi/lib/armv6-m\libcr_c.a(fseek.o)
                0x00014438                fseek
 .text.ftell    0x00014530       0x4c c:/nxp/lpcxpresso_7.5.0_254/lpcxpresso/tools/bin/../lib/gcc/arm-none-eabi/4.8.4/../../../../arm-none-eabi/lib/armv6-m\libcr_c.a(ftell.o)
                0x00014530                ftell
 .text.remove   0x0001457c       0x12 c:/nxp/lpcxpresso_7.5.0_254/lpcxpresso/tools/bin/../lib/gcc/arm-none-eabi/4.8.4/../../../../arm-none-eabi/lib/armv6-m\libcr_c.a(remove.o)
                0x0001457c                remove
 .text.strcspn  0x0001458e       0x22 c:/nxp/lpcxpresso_7.5.0_254/lpcxpresso/tools/bin/../lib/gcc/arm-none-eabi/4.8.4/../../../../arm-none-eabi/lib/armv6-m\libcr_c.a(strcspn.o)
                0x0001458e                strcspn
 .text.strspn   0x000145b0       0x22 c:/nxp/lpcxpresso_7.5.0_254/lpcxpresso/tools/bin/../lib/gcc/arm-none-eabi/4.8.4/../../../../arm-none-eabi/lib/armv6-m\libcr_c.a(strspn.o)
                0x000145b0                strspn
 *fill*         0x000145d2        0x2 
 .text.__check_heap_overflow
                0x000145d4       0x18 c:/nxp/lpcxpresso_7.5.0_254/lpcxpresso/tools/bin/../lib/gcc/arm-none-eabi/4.8.4/../../../../arm-none-eabi/lib/armv6-m\libcr_c.a(_cr_check_heap.o)
                0x000145d4                __check_heap_overflow
 .text._do_fflush
                0x000145ec       0x48 c:/nxp/lpcxpresso_7.5.0_254/lpcxpresso/tools/bin/../lib/gcc/arm-none-eabi/4.8.4/../../../../arm-none-eabi/lib/armv6-m\libcr_c.a(_do_fflush.o)
                0x000145ec                _do_fflush
 *fill*         0x00014634        0x4 
 .text.__aeabi_dmul
                0x00014638      0x188 c:/nxp/lpcxpresso_7.5.0_254/lpcxpresso/tools/bin/../lib/gcc/arm-none-eabi/4.8.4/armv6-m\libcr_eabihelpers.a(double.o)
                0x00014638                __aeabi_dmul
 .text.__aeabi_ddiv
                0x000147c0      0x160 c:/nxp/lpcxpresso_7.5.0_254/lpcxpresso/tools/bin/../lib/gcc/arm-none-eabi/4.8.4/armv6-m\libcr_eabihelpers.a(double.o)
                0x000147c0                __aeabi_ddiv
 .text.__aeabi_dsub
                0x00014920      0x1e8 c:/nxp/lpcxpresso_7.5.0_254/lpcxpresso/tools/bin/../lib/gcc/arm-none-eabi/4.8.4/armv6-m\libcr_eabihelpers.a(double.o)
                0x00014920                __aeabi_dsub
 .text.__aeabi_dadd
                0x00014b08      0x148 c:/nxp/lpcxpresso_7.5.0_254/lpcxpresso/tools/bin/../lib/gcc/arm-none-eabi/4.8.4/armv6-m\libcr_eabihelpers.a(double.o)
                0x00014b08                __aeabi_dadd
 .text.__aeabi_d2iz
                0x00014c50       0x48 c:/nxp/lpcxpresso_7.5.0_254/lpcxpresso/tools/bin/../lib/gcc/arm-none-eabi/4.8.4/armv6-m\libcr_eabihelpers.a(double.o)
                0x00014c50                __aeabi_d2iz
 .text.__bhs_ui2d
                0x00014c98       0x5e c:/nxp/lpcxpresso_7.5.0_254/lpcxpresso/tools/bin/../lib/gcc/arm-none-eabi/4.8.4/armv6-m\libcr_eabihelpers.a(double.o)
                0x00014c98                __bhs_ui2d
 .text.__aeabi_i2d
                0x00014cf6       0x16 c:/nxp/lpcxpresso_7.5.0_254/lpcxpresso/tools/bin/../lib/gcc/arm-none-eabi/4.8.4/armv6-m\libcr_eabihelpers.a(double.o)
                0x00014cf6                __aeabi_i2d
 .text.__aeabi_dcmpeq
                0x00014d0c       0x38 c:/nxp/lpcxpresso_7.5.0_254/lpcxpresso/tools/bin/../lib/gcc/arm-none-eabi/4.8.4/armv6-m\libcr_eabihelpers.a(double.o)
                0x00014d0c                __aeabi_dcmpeq
 .text.__aeabi_dcmplt
                0x00014d44       0x78 c:/nxp/lpcxpresso_7.5.0_254/lpcxpresso/tools/bin/../lib/gcc/arm-none-eabi/4.8.4/armv6-m\libcr_eabihelpers.a(double.o)
                0x00014d44                __aeabi_dcmplt
 .text.__aeabi_dcmple
                0x00014dbc       0x78 c:/nxp/lpcxpresso_7.5.0_254/lpcxpresso/tools/bin/../lib/gcc/arm-none-eabi/4.8.4/armv6-m\libcr_eabihelpers.a(double.o)
                0x00014dbc                __aeabi_dcmple
 .text.__aeabi_dcmpge
                0x00014e34       0x70 c:/nxp/lpcxpresso_7.5.0_254/lpcxpresso/tools/bin/../lib/gcc/arm-none-eabi/4.8.4/armv6-m\libcr_eabihelpers.a(double.o)
                0x00014e34                __aeabi_dcmpge
 .text.__aeabi_llong_lmul
                0x00014ea4       0x2e c:/nxp/lpcxpresso_7.5.0_254/lpcxpresso/tools/bin/../lib/gcc/arm-none-eabi/4.8.4/armv6-m\libcr_eabihelpers.a(llong.o)
                0x00014ea4                __aeabi_lmul
 .text.__aeabi_memcpy
                0x00014ed2       0x2c c:/nxp/lpcxpresso_7.5.0_254/lpcxpresso/tools/bin/../lib/gcc/arm-none-eabi/4.8.4/armv6-m\libcr_eabihelpers.a(memcpy.o)
                0x00014ed2                __aeabi_memcpy4
                0x00014ed2                __aeabi_memcpy8
                0x00014ed2                __aeabi_memcpy
 .text.__aeabi_memset_lowlevel
                0x00014efe       0x2a c:/nxp/lpcxpresso_7.5.0_254/lpcxpresso/tools/bin/../lib/gcc/arm-none-eabi/4.8.4/armv6-m\libcr_eabihelpers.a(memcpy.o)
                0x00014efe                __aeabi_lowlevel_memset
 .text.__sys_appexit
                0x00014f28        0x2 c:/nxp/lpcxpresso_7.5.0_254/lpcxpresso/tools/bin/../lib/gcc/arm-none-eabi/4.8.4/../../../../arm-none-eabi/lib/armv6-m\libcr_nohost.a(__sys_appexit.o)
                0x00014f28                __sys_appexit
                0x00014f28                __exit
 .text.__sys_close
                0x00014f2a        0x6 c:/nxp/lpcxpresso_7.5.0_254/lpcxpresso/tools/bin/../lib/gcc/arm-none-eabi/4.8.4/../../../../arm-none-eabi/lib/armv6-m\libcr_nohost.a(__sys_close.o)
                0x00014f2a                __sys_close
 .text.__sys_flen
                0x00014f30        0x6 c:/nxp/lpcxpresso_7.5.0_254/lpcxpresso/tools/bin/../lib/gcc/arm-none-eabi/4.8.4/../../../../arm-none-eabi/lib/armv6-m\libcr_nohost.a(__sys_flen.o)
                0x00014f30                __sys_flen
 .text.__sys_istty
                0x00014f36        0x6 c:/nxp/lpcxpresso_7.5.0_254/lpcxpresso/tools/bin/../lib/gcc/arm-none-eabi/4.8.4/../../../../arm-none-eabi/lib/armv6-m\libcr_nohost.a(__sys_istty.o)
                0x00014f36                __sys_istty
 .text.__sys_remove
                0x00014f3c        0x6 c:/nxp/lpcxpresso_7.5.0_254/lpcxpresso/tools/bin/../lib/gcc/arm-none-eabi/4.8.4/../../../../arm-none-eabi/lib/armv6-m\libcr_nohost.a(__sys_remove.o)
                0x00014f3c                __sys_remove
 .text.__sys_seek
                0x00014f42        0x6 c:/nxp/lpcxpresso_7.5.0_254/lpcxpresso/tools/bin/../lib/gcc/arm-none-eabi/4.8.4/../../../../arm-none-eabi/lib/armv6-m\libcr_nohost.a(__sys_seek.o)
                0x00014f42                __sys_seek
 .text.__sys_tmpnam
                0x00014f48        0x6 c:/nxp/lpcxpresso_7.5.0_254/lpcxpresso/tools/bin/../lib/gcc/arm-none-eabi/4.8.4/../../../../arm-none-eabi/lib/armv6-m\libcr_nohost.a(__sys_tmpnam.o)
                0x00014f48                __sys_tmpnam
 *(.rodata .rodata.* .constdata .constdata.*)
 *fill*         0x00014f4e        0x2 
 .rodata.aucCRCLo
                0x00014f50      0x100 ./src/modbus/mbcrc.o
 .rodata.aucCRCHi
                0x00015050      0x100 ./src/modbus/mbcrc.o
 .rodata.s2e_run
                0x00015150       0xa0 ./src/S2E/S2E.o
 .rodata.str1.4
                0x000151f0       0x18 ./src/S2E/S2E.o
 .rodata        0x00015208       0x10 ./src/PlatformHandler/sspHandler.o
 .rodata.parseDNSMSG
                0x00015218       0x40 ./src/Internet/DNS/dns.o
 .rodata.DHCP_run
                0x00015258       0x14 ./src/Internet/DHCP/dhcp.o
 .rodata.str1.4
                0x0001526c       0x12 ./src/Internet/DHCP/dhcp.o
                                 0x14 (size before relaxing)
 *fill*         0x0001527e        0x2 
 .rodata.ctlsocket
                0x00015280       0x20 ./src/Ethernet/socket.o
 .rodata.getsockopt
                0x000152a0       0x34 ./src/Ethernet/socket.o
 .rodata.ctlnetwork
                0x000152d4       0x18 ./src/Ethernet/wizchip_conf.o
 .rodata.ctlwizchip
                0x000152ec       0x40 ./src/Ethernet/wizchip_conf.o
 .rodata        0x0001532c       0x28 ./src/Configuration/ConfigData.o
 .rodata.do_udp_config
                0x00015354       0x14 ./src/Configuration/ConfigMessage.o
 .rodata.str1.4
                0x00015368        0x6 ./src/ATcmd/library/sockutil.o
                                  0x8 (size before relaxing)
 *fill*         0x0001536e        0x2 
 .rodata.cmd_resp
                0x00015370       0x74 ./src/ATcmd/atcmd.o
 .rodata.__FUNCTION__.6918
                0x000153e4        0xc ./src/ATcmd/atcmd.o
 .rodata.__FUNCTION__.6891
                0x000153f0        0xc ./src/ATcmd/atcmd.o
 .rodata.__FUNCTION__.7011
                0x000153fc        0xc ./src/ATcmd/atcmd.o
 .rodata.__FUNCTION__.6898
                0x00015408        0xc ./src/ATcmd/atcmd.o
 .rodata.__FUNCTION__.6927
                0x00015414        0xc ./src/ATcmd/atcmd.o
 .rodata.__FUNCTION__.6941
                0x00015420        0xc ./src/ATcmd/atcmd.o
 .rodata.__FUNCTION__.7023
                0x0001542c        0xc ./src/ATcmd/atcmd.o
 .rodata.__FUNCTION__.6933
                0x00015438        0xc ./src/ATcmd/atcmd.o
 .rodata.__FUNCTION__.7028
                0x00015444        0xc ./src/ATcmd/atcmd.o
 .rodata.__FUNCTION__.6796
                0x00015450       0x10 ./src/ATcmd/atcmd.o
 .rodata.__FUNCTION__.6879
                0x00015460        0xc ./src/ATcmd/atcmd.o
 .rodata.g_cmd_table
                0x0001546c      0x140 ./src/ATcmd/atcmd.o
                0x0001546c                g_cmd_table
 .rodata.__FUNCTION__.6968
                0x000155ac        0xc ./src/ATcmd/atcmd.o
 .rodata.__FUNCTION__.6974
                0x000155b8        0xc ./src/ATcmd/atcmd.o
 .rodata.__FUNCTION__.6840
                0x000155c4        0xc ./src/ATcmd/atcmd.o
 .rodata.__FUNCTION__.6947
                0x000155d0        0xc ./src/ATcmd/atcmd.o
 .rodata.__FUNCTION__.6993
                0x000155dc        0xc ./src/ATcmd/atcmd.o
 .rodata.__FUNCTION__.6909
                0x000155e8        0xc ./src/ATcmd/atcmd.o
 .rodata.str1.4
                0x000155f4      0x20d ./src/ATcmd/atcmd.o
                                0x214 (size before relaxing)
 *fill*         0x00015801        0x3 
 .rodata.act_nset_q
                0x00015804       0x1c ./src/ATcmd/cmdrun.o
 .rodata.act_nstat
                0x00015820       0x1c ./src/ATcmd/cmdrun.o
 .rodata.atc_async_cb
                0x0001583c      0x104 ./src/ATcmd/cmdrun.o
 .rodata.act_uart_q
                0x00015940       0x18 ./src/ATcmd/cmdrun.o
 .rodata.__FUNCTION__.6920
                0x00015958        0xc ./src/ATcmd/cmdrun.o
 .rodata.__FUNCTION__.6893
                0x00015964        0xc ./src/ATcmd/cmdrun.o
 .rodata.str1.4
                0x00015970      0x214 ./src/ATcmd/cmdrun.o
                                0x220 (size before relaxing)
 .rodata.__FUNCTION__.6783
                0x00015b84       0x10 ./src/ATcmd/cmdrun.o
 .rodata.__FUNCTION__.6872
                0x00015b94        0xc ./src/ATcmd/cmdrun.o
 .rodata.ledports
                0x00015ba0        0x2 C:\Users\boomw\Documents\lpcxpresso-workspace-wiz550s2e\wiznet_s2e_wiz550s2e_board\Release\libwiznet_s2e_wiz550s2e_board.a(board.o)
 *fill*         0x00015ba2        0x2 
 .rodata.OscRateIn
                0x00015ba4        0x4 C:\Users\boomw\Documents\lpcxpresso-workspace-wiz550s2e\wiznet_s2e_wiz550s2e_board\Release\libwiznet_s2e_wiz550s2e_board.a(board.o)
                0x00015ba4                OscRateIn
 .rodata.ledpins
                0x00015ba8        0x2 C:\Users\boomw\Documents\lpcxpresso-workspace-wiz550s2e\wiznet_s2e_wiz550s2e_board\Release\libwiznet_s2e_wiz550s2e_board.a(board.o)
 *fill*         0x00015baa        0x2 
 .rodata.pinmuxing
                0x00015bac       0x50 C:\Users\boomw\Documents\lpcxpresso-workspace-wiz550s2e\wiznet_s2e_wiz550s2e_board\Release\libwiznet_s2e_wiz550s2e_board.a(board_sysinit.o)
 .rodata.wdtOSCRate
                0x00015bfc       0x40 C:\Users\boomw\Documents\lpcxpresso-workspace-wiz550s2e\lpc_chip_11exx\Release\liblpc_chip_11exx.a(clock_11xx.o)
 .rodata.str1.1
                0x00015c3c       0x18 c:/nxp/lpcxpresso_7.5.0_254/lpcxpresso/tools/bin/../lib/gcc/arm-none-eabi/4.8.4/../../../../arm-none-eabi/lib/armv6-m\libcr_c.a(alloc.o)
 .rodata.__ctype
                0x00015c54      0x180 c:/nxp/lpcxpresso_7.5.0_254/lpcxpresso/tools/bin/../lib/gcc/arm-none-eabi/4.8.4/../../../../arm-none-eabi/lib/armv6-m\libcr_c.a(ctype.o)
                0x00015c54                __ctype
 .rodata.str1.1
                0x00015dd4       0x34 c:/nxp/lpcxpresso_7.5.0_254/lpcxpresso/tools/bin/../lib/gcc/arm-none-eabi/4.8.4/../../../../arm-none-eabi/lib/armv6-m\libcr_c.a(fpprintf.o)
                                 0x35 (size before relaxing)
 .rodata.str1.1
                0x00015e08        0x4 c:/nxp/lpcxpresso_7.5.0_254/lpcxpresso/tools/bin/../lib/gcc/arm-none-eabi/4.8.4/../../../../arm-none-eabi/lib/armv6-m\libcr_c.a(initio.o)
 .rodata.str1.1
                0x00015e0c       0x31 c:/nxp/lpcxpresso_7.5.0_254/lpcxpresso/tools/bin/../lib/gcc/arm-none-eabi/4.8.4/../../../../arm-none-eabi/lib/armv6-m\libcr_c.a(printf.o)
                                 0x38 (size before relaxing)
 .rodata.str1.1
                0x00000000        0x1 c:/nxp/lpcxpresso_7.5.0_254/lpcxpresso/tools/bin/../lib/gcc/arm-none-eabi/4.8.4/../../../../arm-none-eabi/lib/armv6-m\libcr_c.a(strtok.o)
 *fill*         0x00015e3d        0x3 
 .rodata.__huge_vall
                0x00015e40        0x8 c:/nxp/lpcxpresso_7.5.0_254/lpcxpresso/tools/bin/../lib/gcc/arm-none-eabi/4.8.4/../../../../arm-none-eabi/lib/armv6-m\libcr_c.a(_hugeval.o)
                0x00015e40                __huge_vall
                0x00015e48                . = ALIGN (0x4)

.glue_7         0x00015e48        0x0
 .glue_7        0x00000000        0x0 linker stubs

.glue_7t        0x00015e48        0x0
 .glue_7t       0x00000000        0x0 linker stubs

.vfp11_veneer   0x00015e48        0x0
 .vfp11_veneer  0x00000000        0x0 linker stubs

.v4_bx          0x00015e48        0x0
 .v4_bx         0x00000000        0x0 linker stubs

.iplt           0x00015e48        0x0
 .iplt          0x00000000        0x0 ./src/netutil/netutil.o

.rel.dyn        0x00015e48        0x0
 .rel.iplt      0x00000000        0x0 ./src/netutil/netutil.o

.ARM.extab
 *(.ARM.extab* .gnu.linkonce.armextab.*)
                0x00015e48                __exidx_start = .

.ARM.exidx
 *(.ARM.exidx* .gnu.linkonce.armexidx.*)
                0x00015e48                __exidx_end = .
                0x00015e48                _etext = .

.data_RAM2      0x20000000        0x0 load address 0x00015e48
 FILL mask 0xff
 *(.data.$RAM2*)
 *(.data.$RamPeriph2*)
                0x20000000                . = ALIGN (0x4)

.data_RAM3      0x20004000        0x0 load address 0x00015e48
 FILL mask 0xff
 *(.data.$RAM3*)
 *(.data.$SRAM1_2*)
                0x20004000                . = ALIGN (0x4)

.uninit_RESERVED
                0x10000000        0x0
 *(.bss.$RESERVED*)
                0x10000000                . = ALIGN (0x4)
                0x10000000                _end_uninit_RESERVED = .

.data           0x10000000      0x15c load address 0x00015e48
 FILL mask 0xff
                0x10000000                _data = .
 *(vtable)
 vtable         0x10000000       0xd0 ./src/main.o
 *(.data*)
 .data.ucASCIIBuf
                0x100000d0        0x4 ./src/modbus/mbascii.o
                0x100000d0                ucASCIIBuf
 .data.udp_port
                0x100000d4        0x2 ./src/S2E/S2E.o
 *fill*         0x100000d6        0x2 
 .data.baud_table
                0x100000d8       0x2c ./src/PlatformHandler/uartHandler.o
                0x100000d8                baud_table
 .data.dhcp_tick_next
                0x10000104        0x4 ./src/Internet/DHCP/dhcp.o
                0x10000104                dhcp_tick_next
 .data.dhcp_ip_update
                0x10000108        0x4 ./src/Internet/DHCP/dhcp.o
                0x10000108                dhcp_ip_update
 .data.dhcp_ip_assign
                0x1000010c        0x4 ./src/Internet/DHCP/dhcp.o
                0x1000010c                dhcp_ip_assign
 .data.dhcp_ip_conflict
                0x10000110        0x4 ./src/Internet/DHCP/dhcp.o
                0x10000110                dhcp_ip_conflict
 .data.dhcp_lease_time
                0x10000114        0x4 ./src/Internet/DHCP/dhcp.o
                0x10000114                dhcp_lease_time
 .data.HOST_NAME
                0x10000118        0x8 ./src/Internet/DHCP/dhcp.o
                0x10000118                HOST_NAME
 .data.sock_any_port
                0x10000120        0x2 ./src/Ethernet/socket.o
 *fill*         0x10000122        0x2 
 .data.WIZCHIP  0x10000124       0x28 ./src/Ethernet/wizchip_conf.o
                0x10000124                WIZCHIP
 .data.client_port
                0x1000014c        0x2 ./src/ATcmd/atcmd.o
 *fill*         0x1000014e        0x2 
 .data.parity_char
                0x10000150        0x4 ./src/ATcmd/cmdrun.o
                0x10000150                parity_char
 .data.run_dns  0x10000154        0x1 ./src/main.o
                0x10000154                run_dns
 *fill*         0x10000155        0x3 
 .data.saves1.3850
                0x10000158        0x4 c:/nxp/lpcxpresso_7.5.0_254/lpcxpresso/tools/bin/../lib/gcc/arm-none-eabi/4.8.4/../../../../arm-none-eabi/lib/armv6-m\libcr_c.a(strtok.o)
                0x1000015c                . = ALIGN (0x4)
                0x1000015c                _edata = .

.igot.plt       0x1000015c        0x0 load address 0x00015fa4
 .igot.plt      0x00000000        0x0 ./src/netutil/netutil.o

.bss_RAM2       0x20000000        0x0
 *(.bss.$RAM2*)
 *(.bss.$RamPeriph2*)
                0x20000000                . = ALIGN (0x4)

.bss_RAM3       0x20004000        0x0
 *(.bss.$RAM3*)
 *(.bss.$SRAM1_2*)
                0x20004000                . = ALIGN (0x4)

.bss            0x1000015c     0x16a8
                0x1000015c                _bss = .
 *(.bss*)
 .bss.eRcvState
                0x1000015c        0x1 ./src/modbus/mbascii.o
 *fill*         0x1000015d        0x1 
 .bss.usRcvBufferPos
                0x1000015e        0x2 ./src/modbus/mbrtu.o
 .bss.aucTCPBuf
                0x10000160      0x108 ./src/modbus/mbtcp.o
 .bss.ether_send_cnt
                0x10000268        0x4 ./src/S2E/S2E.o
                0x10000268                ether_send_cnt
 .bss.pattern_offset
                0x1000026c        0x4 ./src/S2E/S2E.o
 .bss.ether_recv_cnt
                0x10000270        0x4 ./src/S2E/S2E.o
                0x10000270                ether_recv_cnt
 .bss.prev_len.6527
                0x10000274        0x2 ./src/S2E/S2E.o
 *fill*         0x10000276        0x2 
 .bss.pattern_cnt
                0x10000278        0x4 ./src/S2E/S2E.o
 .bss.mixed_state
                0x1000027c        0x4 ./src/S2E/S2E.o
 .bss.uart_send_cnt
                0x10000280        0x4 ./src/S2E/S2E.o
                0x10000280                uart_send_cnt
 .bss.uart_size_prev
                0x10000284        0x4 ./src/S2E/S2E.o
 .bss.ready_cnt
                0x10000288        0x4 ./src/S2E/S2E.o
 .bss.trigger_state
                0x1000028c        0x4 ./src/S2E/S2E.o
 .bss.uart_recv_cnt
                0x10000290        0x4 ./src/S2E/S2E.o
                0x10000290                uart_recv_cnt
 .bss.trigger_time
                0x10000294        0x4 ./src/PlatformHandler/timerHandler.o
                0x10000294                trigger_time
 .bss.inactive_time
                0x10000298        0x4 ./src/PlatformHandler/timerHandler.o
                0x10000298                inactive_time
 .bss.nagle_time
                0x1000029c        0x4 ./src/PlatformHandler/timerHandler.o
                0x1000029c                nagle_time
 .bss.sec_cnt   0x100002a0        0x4 ./src/PlatformHandler/timerHandler.o
 .bss.factory_time
                0x100002a4        0x4 ./src/PlatformHandler/timerHandler.o
                0x100002a4                factory_time
 .bss.nagle_flag
                0x100002a8        0x1 ./src/PlatformHandler/timerHandler.o
                0x100002a8                nagle_flag
 *fill*         0x100002a9        0x3 
 .bss.uart_recv_count
                0x100002ac        0x4 ./src/PlatformHandler/timerHandler.o
                0x100002ac                uart_recv_count
 .bss.inactive_flag
                0x100002b0        0x1 ./src/PlatformHandler/timerHandler.o
                0x100002b0                inactive_flag
 *fill*         0x100002b1        0x3 
 .bss.reconn_time
                0x100002b4        0x4 ./src/PlatformHandler/timerHandler.o
                0x100002b4                reconn_time
 .bss.reconn_flag
                0x100002b8        0x1 ./src/PlatformHandler/timerHandler.o
                0x100002b8                reconn_flag
 *fill*         0x100002b9        0x3 
 .bss.keepsend_time
                0x100002bc        0x4 ./src/PlatformHandler/timerHandler.o
                0x100002bc                keepsend_time
 .bss.keepsend_flag
                0x100002c0        0x1 ./src/PlatformHandler/timerHandler.o
                0x100002c0                keepsend_flag
 *fill*         0x100002c1        0x3 
 .bss.mill_cnt  0x100002c4        0x4 ./src/PlatformHandler/timerHandler.o
 .bss.auth_time
                0x100002c8        0x4 ./src/PlatformHandler/timerHandler.o
                0x100002c8                auth_time
 .bss.trigger_flag
                0x100002cc        0x1 ./src/PlatformHandler/timerHandler.o
                0x100002cc                trigger_flag
 .bss.auth_flag
                0x100002cd        0x1 ./src/PlatformHandler/timerHandler.o
                0x100002cd                auth_flag
 *fill*         0x100002ce        0x2 
 .bss.txbuff    0x100002d0      0x400 ./src/PlatformHandler/uartHandler.o
 .bss.rxbuff    0x100006d0      0x400 ./src/PlatformHandler/uartHandler.o
 .bss.retry_count.4385
                0x10000ad0        0x1 ./src/Internet/DNS/dns.o
 .bss.dhcp_state
                0x10000ad1        0x1 ./src/Internet/DHCP/dhcp.o
                0x10000ad1                dhcp_state
 *fill*         0x10000ad2        0x2 
 .bss.DHCP_allocated_sn
                0x10000ad4        0x4 ./src/Internet/DHCP/dhcp.o
                0x10000ad4                DHCP_allocated_sn
 .bss.OLD_allocated_ip
                0x10000ad8        0x4 ./src/Internet/DHCP/dhcp.o
                0x10000ad8                OLD_allocated_ip
 .bss.DHCP_allocated_gw
                0x10000adc        0x4 ./src/Internet/DHCP/dhcp.o
                0x10000adc                DHCP_allocated_gw
 .bss.DHCP_allocated_ip
                0x10000ae0        0x4 ./src/Internet/DHCP/dhcp.o
                0x10000ae0                DHCP_allocated_ip
 .bss.dhcp_tick_1s
                0x10000ae4        0x4 ./src/Internet/DHCP/dhcp.o
                0x10000ae4                dhcp_tick_1s
 .bss.DHCP_allocated_dns
                0x10000ae8        0x4 ./src/Internet/DHCP/dhcp.o
                0x10000ae8                DHCP_allocated_dns
 .bss.dhcp_retry_count
                0x10000aec        0x1 ./src/Internet/DHCP/dhcp.o
                0x10000aec                dhcp_retry_count
 *fill*         0x10000aed        0x1 
 .bss.sock_io_mode
                0x10000aee        0x2 ./src/Ethernet/socket.o
 .bss.sock_is_sending
                0x10000af0        0x2 ./src/Ethernet/socket.o
 *fill*         0x10000af2        0x2 
 .bss.sock_pack_info
                0x10000af4        0x8 ./src/Ethernet/socket.o
                0x10000af4                sock_pack_info
 .bss.sock_remained_size
                0x10000afc       0x10 ./src/Ethernet/socket.o
 .bss._DHCP_    0x10000b0c        0x1 ./src/Ethernet/wizchip_conf.o
 *fill*         0x10000b0d        0x3 
 .bss._DNS_     0x10000b10        0x4 ./src/Ethernet/wizchip_conf.o
 .bss.s2e_packet
                0x10000b14       0xa4 ./src/Configuration/ConfigData.o
 .bss.checkAtcUdpSendStatus
                0x10000bb8        0x4 ./src/ATcmd/library/sockutil.o
                0x10000bb8                checkAtcUdpSendStatus
 .bss.watch_cb  0x10000bbc        0x4 ./src/ATcmd/library/sockutil.o
 .bss.watch_sock
                0x10000bc0        0x4 ./src/ATcmd/library/sockutil.o
 .bss.previdx   0x10000bc4        0x1 ./src/ATcmd/atcmd.o
 *fill*         0x10000bc5        0x3 
 .bss.termbuf   0x10000bc8       0x64 ./src/ATcmd/atcmd.o
 .bss.buflen.6786
                0x10000c2c        0x1 ./src/ATcmd/atcmd.o
 *fill*         0x10000c2d        0x3 
 .bss.prevbuf   0x10000c30        0x8 ./src/ATcmd/atcmd.o
 .bss.prevcnt   0x10000c38        0x1 ./src/ATcmd/atcmd.o
 *fill*         0x10000c39        0x1 
 .bss.prevlen   0x10000c3a        0x2 ./src/ATcmd/atcmd.o
 .bss.sockstat  0x10000c3c        0x4 ./src/ATcmd/cmdrun.o
 .bss.sockbusy  0x10000c40        0x4 ./src/ATcmd/cmdrun.o
 .bss.recvflag  0x10000c44        0x4 ./src/ATcmd/cmdrun.o
 .bss.udpport   0x10000c48        0x4 ./src/ATcmd/cmdrun.o
 .bss.udpip     0x10000c4c        0x8 ./src/ATcmd/cmdrun.o
 .bss.sockport  0x10000c54        0x4 ./src/ATcmd/cmdrun.o
 .bss.factory_flag
                0x10000c58        0x1 C:\Users\boomw\Documents\lpcxpresso-workspace-wiz550s2e\wiznet_s2e_wiz550s2e_board\Release\libwiznet_s2e_wiz550s2e_board.a(board.o)
                0x10000c58                factory_flag
 *fill*         0x10000c59        0x3 
 .bss.errno     0x10000c5c        0x4 c:/nxp/lpcxpresso_7.5.0_254/lpcxpresso/tools/bin/../lib/gcc/arm-none-eabi/4.8.4/../../../../arm-none-eabi/lib/armv6-m\libcr_c.a(errno.o)
                0x10000c5c                errno
 *(COMMON)
 COMMON         0x10000c60        0x8 ./src/modbus/mbascii.o
                0x10000c60                usASCIIBufferPos
                0x10000c62                mb_state_ascii_finish
                0x10000c64                pucASCIIBufferCur
 COMMON         0x10000c68      0x108 ./src/modbus/mbrtu.o
                0x10000c68                ucRTUBuf
                0x10000d68                usTCPBufferPos
                0x10000d6c                pucTCPBufferCur
 COMMON         0x10000d70        0x8 ./src/modbus/mbtcp.o
                0x10000d70                mbTCPtid2
                0x10000d71                mbTCPtid1
                0x10000d72                usRTUBufferPos
                0x10000d74                pucRTUBufferCur
 COMMON         0x10000d78        0x2 ./src/modbus/mbtimer.o
                0x10000d78                mb_state_rtu_finish
                0x10000d79                eRcvState
 *fill*         0x10000d7a        0x2 
 COMMON         0x10000d7c        0x8 ./src/PlatformHandler/timerHandler.o
                0x10000d7c                ether_send_prev
                0x10000d80                ether_recv_prev
 COMMON         0x10000d84       0x28 ./src/PlatformHandler/uartHandler.o
                0x10000d84                txring
                0x10000d98                rxring
 COMMON         0x10000dac        0xe ./src/Internet/DNS/dns.o
                0x10000dac                DNS_SOCKET
                0x10000db0                dns_1s_tick
                0x10000db4                pDNSMSG
                0x10000db8                DNS_MSGID
 *fill*         0x10000dba        0x2 
 COMMON         0x10000dbc       0x15 ./src/Internet/DHCP/dhcp.o
                0x10000dbc                DHCP_CHADDR
                0x10000dc4                DHCP_XID
                0x10000dc8                DHCP_SIP
                0x10000dcc                pDHCPMSG
                0x10000dd0                DHCP_SOCKET
 *fill*         0x10000dd1        0x3 
 COMMON         0x10000dd4       0xd4 ./src/ATcmd/atcmd.o
                0x10000dd4                atci
 COMMON         0x10000ea8        0x8 ./src/cr_startup_lpc11exx.o
                0x10000ea8                pDivRom_uidiv
                0x10000eac                pDivRom_idiv
 COMMON         0x10000eb0      0x804 ./src/main.o
                0x10000eb0                op_mode
                0x10000eb4                g_send_buf
                0x100012b4                g_recv_buf
 COMMON         0x100016b4        0x4 C:\Users\boomw\Documents\lpcxpresso-workspace-wiz550s2e\lpc_chip_11exx\Release\liblpc_chip_11exx.a(chip_11xx.o)
                0x100016b4                SystemCoreClock
 COMMON         0x100016b8        0x4 c:/nxp/lpcxpresso_7.5.0_254/lpcxpresso/tools/bin/../lib/gcc/arm-none-eabi/4.8.4/../../../../arm-none-eabi/lib/armv6-m\libcr_c.a(initio.o)
                0x100016b8                _extra
 COMMON         0x100016bc      0x140 c:/nxp/lpcxpresso_7.5.0_254/lpcxpresso/tools/bin/../lib/gcc/arm-none-eabi/4.8.4/../../../../arm-none-eabi/lib/armv6-m\libcr_c.a(stdio.o)
                0x100016bc                __Ciob
 COMMON         0x100017fc        0x8 c:/nxp/lpcxpresso_7.5.0_254/lpcxpresso/tools/bin/../lib/gcc/arm-none-eabi/4.8.4/../../../../arm-none-eabi/lib/armv6-m\libcr_c.a(__init_alloc.o)
                0x100017fc                __heaps
                0x10001800                __end_of_heap
                0x10001804                . = ALIGN (0x4)
                0x10001804                _ebss = .
                0x10001804                PROVIDE (end, .)

.noinit_RAM2    0x20000000        0x0
 *(.noinit.$RAM2*)
 *(.noinit.$RamPeriph2*)
                0x20000000                . = ALIGN (0x4)

.noinit_RAM3    0x20004000        0x0
 *(.noinit.$RAM3*)
 *(.noinit.$SRAM1_2*)
                0x20004000                . = ALIGN (0x4)

.noinit         0x10001804        0x0
                0x10001804                _noinit = .
 *(.noinit*)
                0x10001804                . = ALIGN (0x4)
                0x10001804                _end_noinit = .
                0x10001804                PROVIDE (_pvHeapStart, .)
                0x10002000                PROVIDE (_vStackTop, (__top_RamLoc8 - 0x0))
OUTPUT(WIZ550S2E_App.axf elf32-littlearm)

.debug_info     0x00000000    0x20574
 .debug_info    0x00000000      0x66c ./src/modbus/mb.o
 .debug_info    0x0000066c      0x436 ./src/modbus/mbascii.o
 .debug_info    0x00000aa2      0x160 ./src/modbus/mbcrc.o
 .debug_info    0x00000c02      0x364 ./src/modbus/mbrtu.o
 .debug_info    0x00000f66      0x920 ./src/modbus/mbtcp.o
 .debug_info    0x00001886      0x7a8 ./src/modbus/mbtimer.o
 .debug_info    0x0000202e      0x611 ./src/callback/dhcp_cb.o
 .debug_info    0x0000263f     0x1cb8 ./src/S2E/S2E.o
 .debug_info    0x000042f7      0x289 ./src/PlatformHandler/eepromHandler.o
 .debug_info    0x00004580      0xaf4 ./src/PlatformHandler/sspHandler.o
 .debug_info    0x00005074      0xd7b ./src/PlatformHandler/timerHandler.o
 .debug_info    0x00005def     0x13b8 ./src/PlatformHandler/uartHandler.o
 .debug_info    0x000071a7     0x1347 ./src/Internet/DNS/dns.o
 .debug_info    0x000084ee     0x1065 ./src/Internet/DHCP/dhcp.o
 .debug_info    0x00009553      0x878 ./src/Ethernet/W5500/w5500.o
 .debug_info    0x00009dcb     0x13fc ./src/Ethernet/socket.o
 .debug_info    0x0000b1c7     0x1d81 ./src/Ethernet/wizchip_conf.o
 .debug_info    0x0000cf48      0xdbd ./src/Configuration/ConfigData.o
 .debug_info    0x0000dd05     0x228a ./src/Configuration/ConfigMessage.o
 .debug_info    0x0000ff8f      0xa1b ./src/ATcmd/library/sockutil.o
 .debug_info    0x000109aa      0x28d ./src/ATcmd/library/util.o
 .debug_info    0x00010c37     0x410e ./src/ATcmd/atcmd.o
 .debug_info    0x00014d45     0x314a ./src/ATcmd/cmdrun.o
 .debug_info    0x00017e8f      0x346 ./src/cr_startup_lpc11exx.o
 .debug_info    0x000181d5       0x3b ./src/crp.o
 .debug_info    0x00018210      0xd77 ./src/main.o
 .debug_info    0x00018f87       0xc9 ./src/sysinit.o
 .debug_info    0x00019050     0x14fd C:\Users\boomw\Documents\lpcxpresso-workspace-wiz550s2e\wiznet_s2e_wiz550s2e_board\Release\libwiznet_s2e_wiz550s2e_board.a(board.o)
 .debug_info    0x0001a54d      0xaac C:\Users\boomw\Documents\lpcxpresso-workspace-wiz550s2e\wiznet_s2e_wiz550s2e_board\Release\libwiznet_s2e_wiz550s2e_board.a(board_sysinit.o)
 .debug_info    0x0001aff9       0xd8 C:\Users\boomw\Documents\lpcxpresso-workspace-wiz550s2e\lpc_chip_11exx\Release\liblpc_chip_11exx.a(chip_11xx.o)
 .debug_info    0x0001b0d1      0x8e7 C:\Users\boomw\Documents\lpcxpresso-workspace-wiz550s2e\lpc_chip_11exx\Release\liblpc_chip_11exx.a(clock_11xx.o)
 .debug_info    0x0001b9b8      0x9e9 C:\Users\boomw\Documents\lpcxpresso-workspace-wiz550s2e\lpc_chip_11exx\Release\liblpc_chip_11exx.a(gpio_11xx_1.o)
 .debug_info    0x0001c3a1      0x14f C:\Users\boomw\Documents\lpcxpresso-workspace-wiz550s2e\lpc_chip_11exx\Release\liblpc_chip_11exx.a(iocon_11xx.o)
 .debug_info    0x0001c4f0      0x4a1 C:\Users\boomw\Documents\lpcxpresso-workspace-wiz550s2e\lpc_chip_11exx\Release\liblpc_chip_11exx.a(ring_buffer.o)
 .debug_info    0x0001c991     0x1b59 C:\Users\boomw\Documents\lpcxpresso-workspace-wiz550s2e\lpc_chip_11exx\Release\liblpc_chip_11exx.a(ssp_11xx.o)
 .debug_info    0x0001e4ea      0x585 C:\Users\boomw\Documents\lpcxpresso-workspace-wiz550s2e\lpc_chip_11exx\Release\liblpc_chip_11exx.a(sysctl_11xx.o)
 .debug_info    0x0001ea6f      0x882 C:\Users\boomw\Documents\lpcxpresso-workspace-wiz550s2e\lpc_chip_11exx\Release\liblpc_chip_11exx.a(timer_11xx.o)
 .debug_info    0x0001f2f1     0x1283 C:\Users\boomw\Documents\lpcxpresso-workspace-wiz550s2e\lpc_chip_11exx\Release\liblpc_chip_11exx.a(uart_11xx.o)

.debug_abbrev   0x00000000     0x559a
 .debug_abbrev  0x00000000      0x17e ./src/modbus/mb.o
 .debug_abbrev  0x0000017e      0x1ce ./src/modbus/mbascii.o
 .debug_abbrev  0x0000034c       0xb3 ./src/modbus/mbcrc.o
 .debug_abbrev  0x000003ff      0x1ad ./src/modbus/mbrtu.o
 .debug_abbrev  0x000005ac      0x214 ./src/modbus/mbtcp.o
 .debug_abbrev  0x000007c0      0x292 ./src/modbus/mbtimer.o
 .debug_abbrev  0x00000a52      0x1a2 ./src/callback/dhcp_cb.o
 .debug_abbrev  0x00000bf4      0x3dc ./src/S2E/S2E.o
 .debug_abbrev  0x00000fd0      0x129 ./src/PlatformHandler/eepromHandler.o
 .debug_abbrev  0x000010f9      0x2e1 ./src/PlatformHandler/sspHandler.o
 .debug_abbrev  0x000013da      0x320 ./src/PlatformHandler/timerHandler.o
 .debug_abbrev  0x000016fa      0x3a2 ./src/PlatformHandler/uartHandler.o
 .debug_abbrev  0x00001a9c      0x2fc ./src/Internet/DNS/dns.o
 .debug_abbrev  0x00001d98      0x302 ./src/Internet/DHCP/dhcp.o
 .debug_abbrev  0x0000209a      0x21a ./src/Ethernet/W5500/w5500.o
 .debug_abbrev  0x000022b4      0x237 ./src/Ethernet/socket.o
 .debug_abbrev  0x000024eb      0x38d ./src/Ethernet/wizchip_conf.o
 .debug_abbrev  0x00002878      0x281 ./src/Configuration/ConfigData.o
 .debug_abbrev  0x00002af9      0x3aa ./src/Configuration/ConfigMessage.o
 .debug_abbrev  0x00002ea3      0x274 ./src/ATcmd/library/sockutil.o
 .debug_abbrev  0x00003117      0x109 ./src/ATcmd/library/util.o
 .debug_abbrev  0x00003220      0x467 ./src/ATcmd/atcmd.o
 .debug_abbrev  0x00003687      0x3df ./src/ATcmd/cmdrun.o
 .debug_abbrev  0x00003a66      0x185 ./src/cr_startup_lpc11exx.o
 .debug_abbrev  0x00003beb       0x33 ./src/crp.o
 .debug_abbrev  0x00003c1e      0x2c5 ./src/main.o
 .debug_abbrev  0x00003ee3       0x85 ./src/sysinit.o
 .debug_abbrev  0x00003f68      0x366 C:\Users\boomw\Documents\lpcxpresso-workspace-wiz550s2e\wiznet_s2e_wiz550s2e_board\Release\libwiznet_s2e_wiz550s2e_board.a(board.o)
 .debug_abbrev  0x000042ce      0x251 C:\Users\boomw\Documents\lpcxpresso-workspace-wiz550s2e\wiznet_s2e_wiz550s2e_board\Release\libwiznet_s2e_wiz550s2e_board.a(board_sysinit.o)
 .debug_abbrev  0x0000451f       0x98 C:\Users\boomw\Documents\lpcxpresso-workspace-wiz550s2e\lpc_chip_11exx\Release\liblpc_chip_11exx.a(chip_11xx.o)
 .debug_abbrev  0x000045b7      0x243 C:\Users\boomw\Documents\lpcxpresso-workspace-wiz550s2e\lpc_chip_11exx\Release\liblpc_chip_11exx.a(clock_11xx.o)
 .debug_abbrev  0x000047fa      0x1b7 C:\Users\boomw\Documents\lpcxpresso-workspace-wiz550s2e\lpc_chip_11exx\Release\liblpc_chip_11exx.a(gpio_11xx_1.o)
 .debug_abbrev  0x000049b1       0xc5 C:\Users\boomw\Documents\lpcxpresso-workspace-wiz550s2e\lpc_chip_11exx\Release\liblpc_chip_11exx.a(iocon_11xx.o)
 .debug_abbrev  0x00004a76      0x181 C:\Users\boomw\Documents\lpcxpresso-workspace-wiz550s2e\lpc_chip_11exx\Release\liblpc_chip_11exx.a(ring_buffer.o)
 .debug_abbrev  0x00004bf7      0x3d5 C:\Users\boomw\Documents\lpcxpresso-workspace-wiz550s2e\lpc_chip_11exx\Release\liblpc_chip_11exx.a(ssp_11xx.o)
 .debug_abbrev  0x00004fcc       0xcb C:\Users\boomw\Documents\lpcxpresso-workspace-wiz550s2e\lpc_chip_11exx\Release\liblpc_chip_11exx.a(sysctl_11xx.o)
 .debug_abbrev  0x00005097      0x1e9 C:\Users\boomw\Documents\lpcxpresso-workspace-wiz550s2e\lpc_chip_11exx\Release\liblpc_chip_11exx.a(timer_11xx.o)
 .debug_abbrev  0x00005280      0x31a C:\Users\boomw\Documents\lpcxpresso-workspace-wiz550s2e\lpc_chip_11exx\Release\liblpc_chip_11exx.a(uart_11xx.o)

.debug_loc      0x00000000    0x13172
 .debug_loc     0x00000000       0x92 ./src/modbus/mb.o
 .debug_loc     0x00000092      0xb37 ./src/modbus/mbascii.o
 .debug_loc     0x00000bc9      0x101 ./src/modbus/mbcrc.o
 .debug_loc     0x00000cca       0xb0 ./src/modbus/mbrtu.o
 .debug_loc     0x00000d7a      0x33a ./src/modbus/mbtcp.o
 .debug_loc     0x000010b4       0x4a ./src/modbus/mbtimer.o
 .debug_loc     0x000010fe       0x1e ./src/callback/dhcp_cb.o
 .debug_loc     0x0000111c     0x14cb ./src/S2E/S2E.o
 .debug_loc     0x000025e7      0x212 ./src/PlatformHandler/eepromHandler.o
 .debug_loc     0x000027f9       0xd1 ./src/PlatformHandler/sspHandler.o
 .debug_loc     0x000028ca      0x1a1 ./src/PlatformHandler/timerHandler.o
 .debug_loc     0x00002a6b      0x5ac ./src/PlatformHandler/uartHandler.o
 .debug_loc     0x00003017     0x4455 ./src/Internet/DNS/dns.o
 .debug_loc     0x0000746c      0xe6a ./src/Internet/DHCP/dhcp.o
 .debug_loc     0x000082d6      0x5b5 ./src/Ethernet/W5500/w5500.o
 .debug_loc     0x0000888b     0x1227 ./src/Ethernet/socket.o
 .debug_loc     0x00009ab2     0x14b0 ./src/Ethernet/wizchip_conf.o
 .debug_loc     0x0000af62      0x3a0 ./src/Configuration/ConfigData.o
 .debug_loc     0x0000b302      0xdf9 ./src/Configuration/ConfigMessage.o
 .debug_loc     0x0000c0fb      0x51f ./src/ATcmd/library/sockutil.o
 .debug_loc     0x0000c61a      0x3c1 ./src/ATcmd/library/util.o
 .debug_loc     0x0000c9db     0x24a9 ./src/ATcmd/atcmd.o
 .debug_loc     0x0000ee84     0x13fc ./src/ATcmd/cmdrun.o
 .debug_loc     0x00010280      0x2cd ./src/cr_startup_lpc11exx.o
 .debug_loc     0x0001054d       0x8f ./src/main.o
 .debug_loc     0x000105dc      0x323 C:\Users\boomw\Documents\lpcxpresso-workspace-wiz550s2e\wiznet_s2e_wiz550s2e_board\Release\libwiznet_s2e_wiz550s2e_board.a(board.o)
 .debug_loc     0x000108ff       0x4f C:\Users\boomw\Documents\lpcxpresso-workspace-wiz550s2e\wiznet_s2e_wiz550s2e_board\Release\libwiznet_s2e_wiz550s2e_board.a(board_sysinit.o)
 .debug_loc     0x0001094e      0x16c C:\Users\boomw\Documents\lpcxpresso-workspace-wiz550s2e\lpc_chip_11exx\Release\liblpc_chip_11exx.a(clock_11xx.o)
 .debug_loc     0x00010aba      0x370 C:\Users\boomw\Documents\lpcxpresso-workspace-wiz550s2e\lpc_chip_11exx\Release\liblpc_chip_11exx.a(gpio_11xx_1.o)
 .debug_loc     0x00010e2a       0x21 C:\Users\boomw\Documents\lpcxpresso-workspace-wiz550s2e\lpc_chip_11exx\Release\liblpc_chip_11exx.a(iocon_11xx.o)
 .debug_loc     0x00010e4b      0x5c9 C:\Users\boomw\Documents\lpcxpresso-workspace-wiz550s2e\lpc_chip_11exx\Release\liblpc_chip_11exx.a(ring_buffer.o)
 .debug_loc     0x00011414     0x10f3 C:\Users\boomw\Documents\lpcxpresso-workspace-wiz550s2e\lpc_chip_11exx\Release\liblpc_chip_11exx.a(ssp_11xx.o)
 .debug_loc     0x00012507       0xd0 C:\Users\boomw\Documents\lpcxpresso-workspace-wiz550s2e\lpc_chip_11exx\Release\liblpc_chip_11exx.a(sysctl_11xx.o)
 .debug_loc     0x000125d7      0x184 C:\Users\boomw\Documents\lpcxpresso-workspace-wiz550s2e\lpc_chip_11exx\Release\liblpc_chip_11exx.a(timer_11xx.o)
 .debug_loc     0x0001275b      0xa17 C:\Users\boomw\Documents\lpcxpresso-workspace-wiz550s2e\lpc_chip_11exx\Release\liblpc_chip_11exx.a(uart_11xx.o)

.debug_aranges  0x00000000      0xd00
 .debug_aranges
                0x00000000       0x38 ./src/modbus/mb.o
 .debug_aranges
                0x00000038       0x40 ./src/modbus/mbascii.o
 .debug_aranges
                0x00000078       0x20 ./src/modbus/mbcrc.o
 .debug_aranges
                0x00000098       0x30 ./src/modbus/mbrtu.o
 .debug_aranges
                0x000000c8       0x28 ./src/modbus/mbtcp.o
 .debug_aranges
                0x000000f0       0x38 ./src/modbus/mbtimer.o
 .debug_aranges
                0x00000128       0x28 ./src/callback/dhcp_cb.o
 .debug_aranges
                0x00000150       0x30 ./src/S2E/S2E.o
 .debug_aranges
                0x00000180       0x28 ./src/PlatformHandler/eepromHandler.o
 .debug_aranges
                0x000001a8       0x58 ./src/PlatformHandler/sspHandler.o
 .debug_aranges
                0x00000200       0x38 ./src/PlatformHandler/timerHandler.o
 .debug_aranges
                0x00000238       0x48 ./src/PlatformHandler/uartHandler.o
 .debug_aranges
                0x00000280       0x70 ./src/Internet/DNS/dns.o
 .debug_aranges
                0x000002f0       0xc0 ./src/Internet/DHCP/dhcp.o
 .debug_aranges
                0x000003b0       0x60 ./src/Ethernet/W5500/w5500.o
 .debug_aranges
                0x00000410       0x78 ./src/Ethernet/socket.o
 .debug_aranges
                0x00000488      0x138 ./src/Ethernet/wizchip_conf.o
 .debug_aranges
                0x000005c0       0x88 ./src/Configuration/ConfigData.o
 .debug_aranges
                0x00000648       0x40 ./src/Configuration/ConfigMessage.o
 .debug_aranges
                0x00000688       0x60 ./src/ATcmd/library/sockutil.o
 .debug_aranges
                0x000006e8       0x38 ./src/ATcmd/library/util.o
 .debug_aranges
                0x00000720       0xe8 ./src/ATcmd/atcmd.o
 .debug_aranges
                0x00000808       0xf8 ./src/ATcmd/cmdrun.o
 .debug_aranges
                0x00000900       0x60 ./src/cr_startup_lpc11exx.o
 .debug_aranges
                0x00000960       0x18 ./src/crp.o
 .debug_aranges
                0x00000978       0x20 ./src/main.o
 .debug_aranges
                0x00000998       0x20 ./src/sysinit.o
 .debug_aranges
                0x000009b8       0x88 C:\Users\boomw\Documents\lpcxpresso-workspace-wiz550s2e\wiznet_s2e_wiz550s2e_board\Release\libwiznet_s2e_wiz550s2e_board.a(board.o)
 .debug_aranges
                0x00000a40       0x20 C:\Users\boomw\Documents\lpcxpresso-workspace-wiz550s2e\wiznet_s2e_wiz550s2e_board\Release\libwiznet_s2e_wiz550s2e_board.a(board_sysinit.o)
 .debug_aranges
                0x00000a60       0x20 C:\Users\boomw\Documents\lpcxpresso-workspace-wiz550s2e\lpc_chip_11exx\Release\liblpc_chip_11exx.a(chip_11xx.o)
 .debug_aranges
                0x00000a80       0x68 C:\Users\boomw\Documents\lpcxpresso-workspace-wiz550s2e\lpc_chip_11exx\Release\liblpc_chip_11exx.a(clock_11xx.o)
 .debug_aranges
                0x00000ae8       0x48 C:\Users\boomw\Documents\lpcxpresso-workspace-wiz550s2e\lpc_chip_11exx\Release\liblpc_chip_11exx.a(gpio_11xx_1.o)
 .debug_aranges
                0x00000b30       0x20 C:\Users\boomw\Documents\lpcxpresso-workspace-wiz550s2e\lpc_chip_11exx\Release\liblpc_chip_11exx.a(iocon_11xx.o)
 .debug_aranges
                0x00000b50       0x40 C:\Users\boomw\Documents\lpcxpresso-workspace-wiz550s2e\lpc_chip_11exx\Release\liblpc_chip_11exx.a(ring_buffer.o)
 .debug_aranges
                0x00000b90       0x80 C:\Users\boomw\Documents\lpcxpresso-workspace-wiz550s2e\lpc_chip_11exx\Release\liblpc_chip_11exx.a(ssp_11xx.o)
 .debug_aranges
                0x00000c10       0x38 C:\Users\boomw\Documents\lpcxpresso-workspace-wiz550s2e\lpc_chip_11exx\Release\liblpc_chip_11exx.a(sysctl_11xx.o)
 .debug_aranges
                0x00000c48       0x38 C:\Users\boomw\Documents\lpcxpresso-workspace-wiz550s2e\lpc_chip_11exx\Release\liblpc_chip_11exx.a(timer_11xx.o)
 .debug_aranges
                0x00000c80       0x80 C:\Users\boomw\Documents\lpcxpresso-workspace-wiz550s2e\lpc_chip_11exx\Release\liblpc_chip_11exx.a(uart_11xx.o)
